C51 COMPILER V9.60.7.0   AIP3368H_APP                                                      08/19/2026 19:04:42 PAGE 1   


C51 COMPILER V9.60.7.0, COMPILATION OF MODULE AIP3368H_APP
OBJECT MODULE PLACED IN .\hex\aip3368h_app.obj
COMPILER INVOKED BY: C:\Keil_v5\C51\BIN\C51.EXE user_aip3368h\aip3368h_app.c OMF2 OPTIMIZE(9,SIZE) BROWSE INCDIR(.\user_
                    -aip3368h;.\user_code;.\user_config) DEBUG PRINT(.\lst\aip3368h_app.lst) OBJECT(.\hex\aip3368h_app.obj)

line level    source

   1          #include "user_config.h"
   2          
   3          #if 0
              
              void ledseg_show_speed_level(u8 level)
              {
                  switch (level) {
                  case 16:
                      display_buff[LEDCOM_SP_LV16] |= LEDSEG_SP_LV16;
                  case 15:
                      display_buff[LEDCOM_SP_LV15] |= LEDSEG_SP_LV15;
                  case 14:
                      display_buff[LEDCOM_SP_LV14] |= LEDSEG_SP_LV14;
                  case 13:
                      display_buff[LEDCOM_SP_LV13] |= LEDSEG_SP_LV13;
                  case 12:
                      display_buff[LEDCOM_SP_LV12] |= LEDSEG_SP_LV12;
                  case 11:
                      display_buff[LEDCOM_SP_LV11] |= LEDSEG_SP_LV11;
                  case 10:
                      display_buff[LEDCOM_SP_LV10] |= LEDSEG_SP_LV10;
                  case 9:
                      display_buff[LEDCOM_SP_LV09] |= LEDSEG_SP_LV09;
                  case 8:
                      display_buff[LEDCOM_SP_LV08] |= LEDSEG_SP_LV08;
                  case 7:
                      display_buff[LEDCOM_SP_LV07] |= LEDSEG_SP_LV07;
                  case 6:
                      display_buff[LEDCOM_SP_LV06] |= LEDSEG_SP_LV06;
                  case 5:
                      display_buff[LEDCOM_SP_LV05] |= LEDSEG_SP_LV05;
                  case 4:
                      display_buff[LEDCOM_SP_LV04] |= LEDSEG_SP_LV04;
                  case 3:
                      display_buff[LEDCOM_SP_LV03] |= LEDSEG_SP_LV03;
                  case 2:
                      display_buff[LEDCOM_SP_LV02] |= LEDSEG_SP_LV02;
                  case 1:
                      display_buff[LEDCOM_SP_LV01] |= LEDSEG_SP_LV01;
                  case 0:
                      break;
                  }
              }
              
              // xdata const u8 level_test_table[] = { 8, 2, 7, 0, 5, 8, 3 };
              // xdata u8 level_test_index = 0;
              void ledseg_show_test(void)
              {
                  static u8 level = 0;
                  static u8 show_level = 0;
              
                  if (systimer_flag_is_valid(SYSTIME_FLAG_500MS)) {
                      // level = level_test_table[level_test_index];
                      // level_test_index = (level_test_index + 1) % 7;
C51 COMPILER V9.60.7.0   AIP3368H_APP                                                      08/19/2026 19:04:42 PAGE 2   

                      // if (level)
                      //     level = 0;
                      // else
                      level = 15;
                  }
              
                  if (!systimer_flag_is_valid(SYSTIME_FLAG_25MS))
                      return;
              
                  memset(display_buff, 0, sizeof(display_buff));
              
                  if (show_level > level)
                      show_level--;
                  else if (show_level < level)
                      show_level++;
                  ledseg_show_speed_level(show_level);
                  // level = (level + 1) % 9;
              }
              #endif
  74          


MODULE INFORMATION:   STATIC OVERLAYABLE
   CODE SIZE        =   ----    ----
   CONSTANT SIZE    =   ----    ----
   XDATA SIZE       =   ----    ----
   PDATA SIZE       =   ----    ----
   DATA SIZE        =   ----    ----
   IDATA SIZE       =   ----    ----
   BIT SIZE         =   ----    ----
   EDATA SIZE       =   ----    ----
   HDATA SIZE       =   ----    ----
   XDATA CONST SIZE =   ----    ----
   FAR CONST SIZE   =   ----    ----
END OF MODULE INFORMATION.


C51 COMPILATION COMPLETE.  0 WARNING(S),  0 ERROR(S)
