C51 COMPILER V9.60.7.0   CA51F3XSFR                                                        08/29/2026 16:30:41 PAGE 1   


C51 COMPILER V9.60.7.0, COMPILATION OF MODULE CA51F3XSFR
OBJECT MODULE PLACED IN .\hex\ca51f3xsfr.obj
COMPILER INVOKED BY: C:\Keil_v5\C51\BIN\C51.EXE Library\Sources\ca51f3xsfr.c LARGE OMF2 OPTIMIZE(9,SIZE) BROWSE INCDIR(.
                    -\user_aip3368h;.\user_code;.\driver_on_chip\uart;..\project-2026-08-19-CA51F353P6-SSOP28;.\driver_on_chip\timer0;.\inclu
                    -des;.\driver\aip3368;.\driver\key;.\driver_on_chip\timer1;.\Library\Includes) DEBUG PRINT(.\lst\ca51f3xsfr.lst) OBJECT(.
                    -\hex\ca51f3xsfr.obj)

line level    source

   1          
   2          // 变量声明，定义变量、分配内存，并指定地址
   3          #define XRAM_U8     volatile unsigned char xdata
   4          #define XRAM_U16    volatile unsigned int xdata
   5          #define XRAM_AT_(x) _at_ x
   6          
   7          XRAM_U8 P00F XRAM_AT_(0x8000);
   8          XRAM_U8 P01F XRAM_AT_(0x8001);
   9          XRAM_U8 P02F XRAM_AT_(0x8002);
  10          XRAM_U8 P03F XRAM_AT_(0x8003);
  11          XRAM_U8 P04F XRAM_AT_(0x8004);
  12          XRAM_U8 P05F XRAM_AT_(0x8005);
  13          XRAM_U8 P06F XRAM_AT_(0x8006);
  14          XRAM_U8 P07F XRAM_AT_(0x8007);
  15          
  16          XRAM_U8 P10F XRAM_AT_(0x8008);
  17          XRAM_U8 P11F XRAM_AT_(0x8009);
  18          XRAM_U8 P12F XRAM_AT_(0x800a);
  19          XRAM_U8 P13F XRAM_AT_(0x800b);
  20          XRAM_U8 P14F XRAM_AT_(0x800c);
  21          XRAM_U8 P15F XRAM_AT_(0x800d);
  22          XRAM_U8 P16F XRAM_AT_(0x800e);
  23          XRAM_U8 P17F XRAM_AT_(0x800f);
  24          
  25          XRAM_U8 P20F XRAM_AT_(0x8010);
  26          XRAM_U8 P21F XRAM_AT_(0x8011);
  27          
  28          XRAM_U8 P30F XRAM_AT_(0x8018);
  29          XRAM_U8 P31F XRAM_AT_(0x8019);
  30          XRAM_U8 P32F XRAM_AT_(0x801a);
  31          XRAM_U8 P33F XRAM_AT_(0x801b);
  32          XRAM_U8 P34F XRAM_AT_(0x801c);
  33          XRAM_U8 P35F XRAM_AT_(0x801d);
  34          XRAM_U8 P36F XRAM_AT_(0x801e);
  35          XRAM_U8 P37F XRAM_AT_(0x801f);
  36          
  37          XRAM_U8 ADCALL XRAM_AT_(0x8020);
  38          XRAM_U8 ADCALH XRAM_AT_(0x8021);
  39          
  40          XRAM_U8 SPMAX XRAM_AT_(0x8100);
  41          XRAM_U8 I2CIOS XRAM_AT_(0x8101);
  42          
  43          XRAM_U8 TKPWC XRAM_AT_(0x8103);
  44          XRAM_U8 TLEN XRAM_AT_(0x8106);
  45          XRAM_U8 TLDAT XRAM_AT_(0x8107);
  46          XRAM_U8 TLCON XRAM_AT_(0x8108);
  47          XRAM_U8 TLFLG XRAM_AT_(0x8109);
  48          XRAM_U8 TLCKS XRAM_AT_(0x810a);
  49          XRAM_U8 TLCNTKL XRAM_AT_(0x810b);
  50          XRAM_U8 TLCNTKH XRAM_AT_(0x810c);
  51          XRAM_U8 TLCNTLL XRAM_AT_(0x810d);
  52          XRAM_U8 TLCNTLH XRAM_AT_(0x810e);
C51 COMPILER V9.60.7.0   CA51F3XSFR                                                        08/29/2026 16:30:41 PAGE 2   

  53          XRAM_U8 TLCNTD XRAM_AT_(0x810f);
  54          XRAM_U8 TLCOMS XRAM_AT_(0x8110);
  55          XRAM_U8 LXCAD XRAM_AT_(0x8117);
  56          XRAM_U8 FTCTL XRAM_AT_(0x811e);
  57          XRAM_U8 TPCTL XRAM_AT_(0x811f);
  58          XRAM_U8 P00C XRAM_AT_(0x8120);
  59          XRAM_U8 P01C XRAM_AT_(0x8121);
  60          XRAM_U8 P02C XRAM_AT_(0x8122);
  61          XRAM_U8 P03C XRAM_AT_(0x8123);
  62          XRAM_U8 P04C XRAM_AT_(0x8124);
  63          XRAM_U8 P05C XRAM_AT_(0x8125);
  64          XRAM_U8 P06C XRAM_AT_(0x8126);
  65          XRAM_U8 P07C XRAM_AT_(0x8127);
  66          XRAM_U8 P10C XRAM_AT_(0x8128);
  67          XRAM_U8 P11C XRAM_AT_(0x8129);
  68          XRAM_U8 P12C XRAM_AT_(0x812a);
  69          XRAM_U8 P13C XRAM_AT_(0x812b);
  70          XRAM_U8 P14C XRAM_AT_(0x812c);
  71          XRAM_U8 P15C XRAM_AT_(0x812d);
  72          XRAM_U8 P16C XRAM_AT_(0x812e);
  73          XRAM_U8 P17C XRAM_AT_(0x812f);
  74          XRAM_U8 P20C XRAM_AT_(0x8130);
  75          XRAM_U8 P21C XRAM_AT_(0x8131);
  76          XRAM_U8 P30C XRAM_AT_(0x8138);
  77          XRAM_U8 P31C XRAM_AT_(0x8139);
  78          XRAM_U8 P32C XRAM_AT_(0x813a);
  79          XRAM_U8 P33C XRAM_AT_(0x813b);
  80          XRAM_U8 P34C XRAM_AT_(0x813c);
  81          XRAM_U8 P35C XRAM_AT_(0x813d);
  82          XRAM_U8 P36C XRAM_AT_(0x813e);
  83          XRAM_U8 P37C XRAM_AT_(0x813f);
  84          
  85          XRAM_U8 MECON XRAM_AT_(0xfc00);
  86          XRAM_U8 FSCMD XRAM_AT_(0xfc01);
  87          XRAM_U8 FSDAT XRAM_AT_(0xfc02);
  88          XRAM_U8 LOCK XRAM_AT_(0xfc03);
  89          XRAM_U8 PADRD XRAM_AT_(0xfc04);
  90          XRAM_U8 PTSL XRAM_AT_(0xfc05);
  91          XRAM_U8 PTSH XRAM_AT_(0xfc06);
  92          XRAM_U8 REPSET XRAM_AT_(0xfc07);


MODULE INFORMATION:   STATIC OVERLAYABLE
   CODE SIZE        =   ----    ----
   CONSTANT SIZE    =   ----    ----
   XDATA SIZE       =   ----    ----
   PDATA SIZE       =   ----    ----
   DATA SIZE        =   ----    ----
   IDATA SIZE       =   ----    ----
   BIT SIZE         =   ----    ----
   EDATA SIZE       =   ----    ----
   HDATA SIZE       =   ----    ----
   XDATA CONST SIZE =   ----    ----
   FAR CONST SIZE   =   ----    ----
END OF MODULE INFORMATION.


C51 COMPILATION COMPLETE.  0 WARNING(S),  0 ERROR(S)
