C51 COMPILER V9.60.7.0   DELAY                                                             08/25/2026 19:00:27 PAGE 1   


C51 COMPILER V9.60.7.0, COMPILATION OF MODULE DELAY
OBJECT MODULE PLACED IN .\hex\delay.obj
COMPILER INVOKED BY: C:\Keil_v5\C51\BIN\C51.EXE Library\Sources\delay.c LARGE OMF2 OPTIMIZE(9,SIZE) BROWSE INCDIR(.\user
                    -_aip3368h;.\user_code;.\driver_on_chip\uart;..\project-2026-08-19-CA51F353P6-SSOP28;.\driver_on_chip\timer0;.\includes;.
                    -\driver\aip3368;.\driver\key;.\driver_on_chip\timer1;.\Library\Includes) DEBUG PRINT(.\lst\delay.lst) OBJECT(.\hex\delay
                    -.obj)

line level    source

   1          #ifndef _Delay_C_
   2          #define _Delay_C_
   3          #include "ca51f_config.h"
   4          /*********************************************************************************************************
             -************/
   5          void Delay_50us(unsigned int n)
   6          {
   7   1          unsigned char i;
   8   1      #if (SYSCLK_SRC == PLL)
   9   1          n *= PLL_Multiple;
  10   1      #endif
  11   1      
  12   1          while (n--) {
  13   2              for (i = 0; i < 15; i++)
  14   2                  ;
  15   2          }
  16   1      }
  17          void Dly_us(unsigned int n)
  18          {
  19   1          unsigned char i;
  20   1          while (n--) {
  21   2              for (i = 0; i < 2; i++)
  22   2                  ;
  23   2          }
  24   1      }
  25          void Delay_ms(unsigned int n)
  26          {
  27   1          while (n--) {
  28   2              Delay_50us(20);
  29   2          }
  30   1      }
  31          /*********************************************************************************************************
             -************/
  32          #endif


MODULE INFORMATION:   STATIC OVERLAYABLE
   CODE SIZE        =    109    ----
   CONSTANT SIZE    =   ----    ----
   XDATA SIZE       =   ----       4
   PDATA SIZE       =   ----    ----
   DATA SIZE        =   ----    ----
   IDATA SIZE       =   ----    ----
   BIT SIZE         =   ----    ----
   EDATA SIZE       =   ----    ----
   HDATA SIZE       =   ----    ----
   XDATA CONST SIZE =   ----    ----
   FAR CONST SIZE   =   ----    ----
END OF MODULE INFORMATION.


C51 COMPILATION COMPLETE.  0 WARNING(S),  0 ERROR(S)
