C51 COMPILER V9.60.7.0   FLASH                                                             08/29/2026 16:30:41 PAGE 1   


C51 COMPILER V9.60.7.0, COMPILATION OF MODULE FLASH
OBJECT MODULE PLACED IN .\hex\flash.obj
COMPILER INVOKED BY: C:\Keil_v5\C51\BIN\C51.EXE Library\Sources\flash.c LARGE OMF2 OPTIMIZE(9,SIZE) BROWSE INCDIR(.\user
                    -_aip3368h;.\user_code;.\driver_on_chip\uart;..\project-2026-08-19-CA51F353P6-SSOP28;.\driver_on_chip\timer0;.\includes;.
                    -\driver\aip3368;.\driver\key;.\driver_on_chip\timer1;.\Library\Includes) DEBUG PRINT(.\lst\flash.lst) OBJECT(.\hex\flash
                    -.obj)

line level    source

   1          // encoding = utf-8
   2          #ifndef _FLASH_C_
   3          #define _FLASH_C_
   4          /*********************************************************************************************************
             -************/
   5          #include "ca51f_config.h"
   6          #include "includes\ca51f3sfr.h"
   7          #include "includes\ca51f3xsfr.h"
   8          #include "includes\gpiodef_f3.h"
   9          
  10          #include "includes\system.h"
  11          #include "Library\includes\flash.h"
  12          #include <intrins.h>
  13          /*********************************************************************************************************
             -************/
  14          
  15          /***********************************************************************************
  16          函 数 名：Data_Area_Erase_Sector                                                                                    
  17          功能描述：擦除数据区空间的一个扇区                                             
  18          函数说明：                                                         
  19          输    入：unsigned char SectorNumber 扇区号                                                                       
  20          返    回：无                                                                                                                                        
  21          ***********************************************************************************/
  22          void Data_Area_Sector_Erase(unsigned char SectorNumber)
  23          {
  24   1              unsigned int SectorAddress;
  25   1              FSCMD   =       0;
  26   1              SectorAddress = 0x80*SectorNumber;
  27   1              LOCK  = CMD_DATA_AREA_UNLOCK;                                           //数据区解锁
  28   1              PTSH = (unsigned char)(SectorAddress>>8);                       //填写扇区地址
  29   1              PTSL = (unsigned char)(SectorAddress);                          //填写扇区地址    
  30   1              FSCMD = CMD_DATA_AREA_ERASE_SECTOR;                                     //执行擦除扇区操作
  31   1              LOCK  = CMD_FLASH_LOCK;                                                 //对FLASH加锁
  32   1      } 
  33          
  34          /***********************************************************************************
  35          函 数 名：Data_Area_Write_Byte                                                                                              
  36          功能描述：向FLASH数据区写入一个字节数据                                                                                                                                        
  37          输    入：unsigned int Address       数据区空间写入地址                                                                                     
  38                                                  unsigned char Data              写入数据                                                                                            
  39          返    回：无                                                                                                                                        
  40          ***********************************************************************************/
  41          void Data_Area_Write_Byte(unsigned int Address,unsigned char Data)
  42          {
  43   1              FSCMD   =       0;
  44   1              LOCK  = CMD_DATA_AREA_UNLOCK;                                           //数据区解锁
  45   1              PTSH = (unsigned char)(Address>>8);                                     //填写高位地址
  46   1              PTSL = (unsigned char)Address;                                  //填写低位地址
  47   1              FSCMD = CMD_DATA_AREA_WIRTE;                                            //执行写操作
  48   1              FSDAT = Data;                                                                           //装载数据  
  49   1              FSCMD   =       0;
  50   1              LOCK  = CMD_FLASH_LOCK;                                                         //对FLASH加锁
C51 COMPILER V9.60.7.0   FLASH                                                             08/29/2026 16:30:41 PAGE 2   

  51   1      } 
  52          
  53          /***********************************************************************************
  54          函 数 名：Data_Area_Mass_Write                                                                                      
  55          功能描述：向FLASH数据区批量写入数据                                                                                                                                      
  56          输    入：unsigned int wAddress        数据区空间写入起始地址                                                                                     
  57                                                  unsigned char *pData            数据指针，指向写入数据缓存数组
  58                                                  unsigned char Length            写入数据长度                                                                                              
  59          返    回：无                                                                                                                                        
  60          ***********************************************************************************/
  61          void Data_Area_Mass_Write(unsigned int Address,unsigned char *pData,unsigned int Length)
  62          {
  63   1              unsigned int i;
  64   1              FSCMD   =       0;
  65   1              LOCK  = CMD_DATA_AREA_UNLOCK;                                           //数据区解锁
  66   1              PTSH = (unsigned char)(Address>>8);                                     //填写高位地址
  67   1              PTSL = (unsigned char)Address;                                  //填写低位地址
  68   1              FSCMD = CMD_DATA_AREA_WIRTE;                                            //执行写操作
  69   1              for(i = 0; i < Length; i++)
  70   1              {
  71   2                      FSDAT = *pData++;                                                               //装载数据  
  72   2              }
  73   1              FSCMD   =       0;
  74   1              LOCK  = CMD_FLASH_LOCK;                                                 //对FLASH加锁
  75   1      } 
  76          
  77          /***********************************************************************************
  78          函 数 名：Data_Area_Read_Byte                                                                                               
  79          功能描述：从FLASH数据区读出一字节数据                                                                                                                           
  80          输    入：unsigned int Address       数据区空间读地址                                                                                                                                                                                        
  81          返    回：读取的一字节数据                                                                                                                                   
  82          ***********************************************************************************/
  83          unsigned char Data_Area_Read_Byte(unsigned int Address)
  84          {       
  85   1              unsigned char Data_Temp;
  86   1              FSCMD   =       0;
  87   1              PTSH = (unsigned char)(Address>>8);                                     //填写高位地址
  88   1              PTSL = (unsigned char)Address;                                  //填写低位地址
  89   1              FSCMD = CMD_DATA_AREA_READ;                                                     //执行读操作
  90   1              Data_Temp = FSDAT;
  91   1              FSCMD   =       0;
  92   1              LOCK  = CMD_FLASH_LOCK;                                                 //对FLASH加锁
  93   1              return Data_Temp;
  94   1      } 
  95          
  96          /***********************************************************************************
  97          函 数 名：Data_Area_Mass_Read                                                                                       
  98          功能描述：从FLASH数据区批量读出数据                                                                                                                                      
  99          输    入：unsigned int Address         数据区空间读起始地址                                                                                        
 100                                                  unsigned char *pData            数据指针，指向读出数据缓存数组
 101                                                  unsigned char Length            读数据长度                                                                                         
 102          返    回：无                                                                                                                                        
 103          ***********************************************************************************/
 104          void Data_Area_Mass_Read(unsigned int Address,unsigned char *pData,unsigned int Length)
 105          {
 106   1              unsigned int i;
 107   1              FSCMD   =       0;
 108   1              PTSH = (unsigned char)(Address>>8);                                     //填写高位地址
 109   1              PTSL = (unsigned char)Address;                                  //填写低位地址
 110   1              FSCMD = CMD_DATA_AREA_READ;                                                     //执行读操作
 111   1              for(i = 0; i < Length; i++)
 112   1              {                                                                                               
C51 COMPILER V9.60.7.0   FLASH                                                             08/29/2026 16:30:41 PAGE 3   

 113   2                      *pData++ = FSDAT;
 114   2              }
 115   1              FSCMD   =       0;
 116   1              LOCK  = CMD_FLASH_LOCK;                                                 //对FLASH加锁
 117   1      } 
 118          #endif 


MODULE INFORMATION:   STATIC OVERLAYABLE
   CODE SIZE        =    237    ----
   CONSTANT SIZE    =   ----    ----
   XDATA SIZE       =   ----      14
   PDATA SIZE       =   ----    ----
   DATA SIZE        =   ----    ----
   IDATA SIZE       =   ----    ----
   BIT SIZE         =   ----    ----
   EDATA SIZE       =   ----    ----
   HDATA SIZE       =   ----    ----
   XDATA CONST SIZE =   ----    ----
   FAR CONST SIZE   =   ----    ----
END OF MODULE INFORMATION.


C51 COMPILATION COMPLETE.  0 WARNING(S),  0 ERROR(S)
