C51 COMPILER V9.60.7.0   INTERRUPT                                                         08/20/2026 18:20:02 PAGE 1   


C51 COMPILER V9.60.7.0, COMPILATION OF MODULE INTERRUPT
OBJECT MODULE PLACED IN .\hex\interrupt.obj
COMPILER INVOKED BY: C:\Keil_v5\C51\BIN\C51.EXE interrupt.c LARGE OMF2 OPTIMIZE(9,SIZE) BROWSE INCDIR(.\user_aip3368h;.\
                    -user_code;.\driver_on_chip\uart;..\project-2026-08-19-CA51F353P6-SSOP28;.\driver_on_chip\timer0;.\includes;.\driver\aip3
                    -368) DEBUG PRINT(.\lst\interrupt.lst) OBJECT(.\hex\interrupt.obj)

line level    source

   1          #ifndef _INTERRUPT_C_
   2          #define _INTERRUPT_C_
   3          /*********************************************************************************************************
             -************/
   4          #include "ca51f_config.h"
   5          #include "includes\ca51f3sfr.h"
   6          #include "includes\ca51f3xsfr.h"
   7          #include "includes\gpiodef_f3.h"
   8          
   9          #include "Library\includes\delay.h"
  10          #include "uart.h"
  11          #include "Library\includes\system_clock.h"
  12          #include "Library\Includes\rtc.h"
  13          #include "includes\system.h"
  14          /*********************************************************************************************************
             -************/ 
  15          
  16          #if DEBUG
*** WARNING C322 IN LINE 16 OF interrupt.c: unknown identifier
              #include "Library\Includes\i2c.h"
              void I2C_ISR(void);
              #endif
  20          void INT8_ISR(void) interrupt 13
  21          {
  22   1          if (RTCIF & RTC_MF) //毫秒中断         时间为 (RTMSS+1)*128*Trtc,
  23   1          {
  24   2              RTCIF = RTC_MF;
  25   2              // TS_MS_ISR();
  26   2              // if (TS_LongKeyTimer) {
  27   2              //     TS_LongKeyTimer--;
  28   2              // }
  29   2          }
  30   1          if (RTCIF & RTC_HF) //半秒中断
  31   1          {
  32   2              RTCIF = RTC_HF;
  33   2              // TS_HS_ISR();
  34   2          }
  35   1      }
  36          void INT3_ISR(void) interrupt 8
  37          {
  38   1          if (TKIF != 0) {
  39   2              // TS_ISR();
  40   2          }
  41   1      }
  42          void INT6_ISR(void) interrupt 11
  43          {
  44   1      #if DEBUG
*** WARNING C322 IN LINE 44 OF interrupt.c: unknown identifier
                  if (I2CFLG & I2CF) {
                      I2C_ISR();
                  }
              #endif
  49   1      }
C51 COMPILER V9.60.7.0   INTERRUPT                                                         08/20/2026 18:20:02 PAGE 2   

  50          #endif


MODULE INFORMATION:   STATIC OVERLAYABLE
   CODE SIZE        =     32    ----
   CONSTANT SIZE    =   ----    ----
   XDATA SIZE       =   ----    ----
   PDATA SIZE       =   ----    ----
   DATA SIZE        =   ----    ----
   IDATA SIZE       =   ----    ----
   BIT SIZE         =   ----    ----
   EDATA SIZE       =   ----    ----
   HDATA SIZE       =   ----    ----
   XDATA CONST SIZE =   ----    ----
   FAR CONST SIZE   =   ----    ----
END OF MODULE INFORMATION.


C51 COMPILATION COMPLETE.  2 WARNING(S),  0 ERROR(S)
