C51 COMPILER V9.60.7.0   IO_KEY                                                            08/25/2026 16:48:30 PAGE 1   


C51 COMPILER V9.60.7.0, COMPILATION OF MODULE IO_KEY
OBJECT MODULE PLACED IN .\hex\io_key.obj
COMPILER INVOKED BY: C:\Keil_v5\C51\BIN\C51.EXE driver\key\io_key.c LARGE OMF2 OPTIMIZE(9,SIZE) BROWSE INCDIR(.\user_aip
                    -3368h;.\user_code;.\driver_on_chip\uart;..\project-2026-08-19-CA51F353P6-SSOP28;.\driver_on_chip\timer0;.\includes;.\dri
                    -ver\aip3368;.\driver\key) DEBUG PRINT(.\lst\io_key.lst) OBJECT(.\hex\io_key.obj)

line level    source

   1          #include "io_key.h"
   2          #include "user_config.h"
   3          #include "ui.h"
   4          
   5          #if 0
              
              #include "instrument.h"
              #include "mileage.h"
              #include "aip1302.h"
              #endif
  11          
  12          #if IO_KEY_ENABLE
  13          
  14          extern u8 io_key_get_key_id(void);
  15          // volatile key_driver_para_t ad_key_para = {
  16          volatile struct key_driver_para io_key_para = {
  17              // 编译器不支持指定成员赋值的写法，会报错
  18              IO_KEY_SCAN_CIRCLE_TIMES,
  19              0,
  20              // NO_KEY,
  21              0,
  22          
  23              0,
  24              0,
  25              3,
  26          
  27              IO_KEY_LONG_PRESS_TIME_THRESHOLD_MS / IO_KEY_SCAN_CIRCLE_TIMES,
  28              (IO_KEY_LONG_PRESS_TIME_THRESHOLD_MS +
  29               IO_KEY_HOLD_PRESS_TIME_THRESHOLD_MS) /
  30                  IO_KEY_SCAN_CIRCLE_TIMES,
  31              0,
  32          
  33              0,
  34              0,
  35              // 200 / IO_KEY_SCAN_CIRCLE_TIMES,
  36              0,
  37              // NO_KEY,
  38              0,
  39              KEY_TYPE_TOUCH, // 触摸按键，实际上是检测触摸ic传递过来的电平信号，可以当作
             -io来检测
  40              io_key_get_key_id,
  41          
  42              IO_KEY_ID_NONE,
  43              KEY_EVENT_NONE,
  44          };
  45          
  46          #define IO_KEY_EFFECT_EVENT_NUMS 4
  47          static const u8 io_key_event_table[][IO_KEY_EFFECT_EVENT_NUMS + 1] = {
  48              IO_KEY_ID_VALID,   IO_KEY_EVENT_CLICK, IO_KEY_EVENT_LONG,
  49              IO_KEY_EVENT_HOLD, IO_KEY_EVENT_LOOSE,
  50          };
  51          
  52          void io_key_init(void)
C51 COMPILER V9.60.7.0   IO_KEY                                                            08/25/2026 16:48:30 PAGE 2   

  53          {
  54   1          // TODO 待配置驱动
  55   1          // P0_MD1 &= ~(GPIO_P07_MODE_SEL(0x03)); // 输入模式
  56   1      }
  57          
  58          u8 io_key_get_key_id(void)
  59          {
  60   1          if (IO_KEY_PIN == 0) {
  61   2              // 引脚配置为输入上拉，低电平表示按键按下
  62   2              return IO_KEY_ID_VALID;
  63   2          }
  64   1      
  65   1          return NO_KEY;
  66   1      }
  67          
  68          u8 __io_key_get_event__(u8 key_val, u8 key_event)
  69          {
  70   1          u8 ret_key_event = IO_KEY_EVENT_NONE;
  71   1          u8 i = 0;
  72   1          u8 index = 0;
  73   1      
  74   1          if (key_event == KEY_EVENT_CLICK) {
  75   2              index = 1;
  76   2          } else if (key_event == KEY_EVENT_LONG) {
  77   2              index = 2;
  78   2          } else if (key_event == KEY_EVENT_HOLD) {
  79   2              index = 3;
  80   2          } else if (key_event == KEY_EVENT_UP) {
  81   2              index = 4;
  82   2          }
  83   1      
  84   1          for (; i < ARRAY_SIZE(io_key_event_table); i++) {
  85   2              if (key_val == io_key_event_table[i][0]) {
  86   3                  ret_key_event = io_key_event_table[i][index];
  87   3                  break;
  88   3              }
  89   2          }
  90   1      
  91   1          return ret_key_event;
  92   1      }
  93          
  94          void io_key_handle(void)
  95          {
  96   1          u8 io_key_event = IO_KEY_EVENT_NONE;
  97   1      
  98   1          if (io_key_para.latest_key_val == IO_KEY_ID_NONE) {
  99   2              return;
 100   2          }
 101   1      
 102   1          io_key_event = __io_key_get_event__(io_key_para.latest_key_val,
 103   1                                              io_key_para.latest_key_event);
 104   1          io_key_para.latest_key_val = IO_KEY_ID_NONE;
 105   1          io_key_para.latest_key_event = KEY_EVENT_NONE;
 106   1      
 107   1          switch (io_key_event) {
 108   2          case KEY_EVENT_CLICK:
 109   2      #if USER_DEBUG_ENABLE
 110   2              // printf("click\n");
 111   2      #endif
 112   2      
 113   2      #if 0
                      if (UI_STATE_NORMAL == ui_manager.state) {
C51 COMPILER V9.60.7.0   IO_KEY                                                            08/25/2026 16:48:30 PAGE 3   

                          // 正常显示模式下，按键单击切换显示的里程类型
                          instrument.save_info.is_display_total_mileage =
                              !instrument.save_info.is_display_total_mileage;
                          instrument_info_save_enable();
                      } else if (UI_STATE_SETTING_DISTANCE_UNIT_TYPE == ui_manager.state) {
              
                          // 切换 单位类型
                          if (DISTANCE_UNIT_TYPE_METRIC ==
                              instrument.save_info.distance_unit_type) {
                              instrument.save_info.distance_unit_type =
                                  DISTANCE_UNIT_TYPE_IMPERIAL;
                          } else {
                              instrument.save_info.distance_unit_type =
                                  DISTANCE_UNIT_TYPE_METRIC;
                          }
                      } else if (UI_STATE_SETTING_TIME_MINUTE == ui_manager.state) {
                          // 在设置分钟时，检测到短按
                          aip1302_info.time_min++;
                          if (aip1302_info.time_min > 59) {
                              aip1302_info.time_min = 0;
                          }
                      } else if (UI_STATE_SETTING_TIME_HOUR == ui_manager.state) {
                          // 在设置小时时，检测到短按
                          aip1302_info.time_hour++;
                          if (aip1302_info.time_hour > 23) {
                              aip1302_info.time_hour = 0;
                          }
                      }
              #endif
 144   2      
 145   2              ui_display_refresh();
 146   2              break;
 147   2          case IO_KEY_EVENT_LONG:
 148   2      #if USER_DEBUG_ENABLE
 149   2              // printf("Long\n");
 150   2      #endif
 151   2      
 152   2      #if 0
                      if (UI_STATE_NORMAL == ui_manager.state) {
                          // 如果正在显示总里程
                          if (1 == instrument.save_info.is_display_total_mileage) {
                              // 如果显示的是 TOTAL 里程，切换到设置要显示的单位类型
                              ui_set_state(UI_STATE_SETTING_DISTANCE_UNIT_TYPE);
                          } else {
                              // 如果显示的是 TRIP 里程，清空它
                              instrument.save_info.subtotal_mileage = 0;
                              instrument_info_save_enable();
                              aip3368h_display_mileage_refresh();
                              aip3368h_display_mileage_unit_lights(
                                  instrument.save_info.distance_unit_type);
                          }
                      } else if (UI_STATE_SETTING_DISTANCE_UNIT_TYPE == ui_manager.state) {
                          //
                          ui_set_state(UI_STATE_SETTING_TIME_MINUTE);
                      } else if (UI_STATE_SETTING_TIME_MINUTE == ui_manager.state) {
                          aip1302_update_time(aip1302_info);
                          ui_set_state(UI_STATE_SETTING_TIME_HOUR);
                      } else if (UI_STATE_SETTING_TIME_HOUR == ui_manager.state) {
                          aip1302_update_time(aip1302_info);
                          ui_set_state(UI_STATE_NORMAL);
                      }
              #endif
C51 COMPILER V9.60.7.0   IO_KEY                                                            08/25/2026 16:48:30 PAGE 4   

 177   2      
 178   2              ui_display_refresh();
 179   2      
 180   2              break;
 181   2      
 182   2          default:
 183   2              break;
 184   2          }
 185   1      }
 186          
 187          #endif


MODULE INFORMATION:   STATIC OVERLAYABLE
   CODE SIZE        =    126    ----
   CONSTANT SIZE    =   ----    ----
   XDATA SIZE       =     24    ----
   PDATA SIZE       =   ----    ----
   DATA SIZE        =   ----    ----
   IDATA SIZE       =   ----    ----
   BIT SIZE         =   ----    ----
   EDATA SIZE       =   ----    ----
   HDATA SIZE       =   ----    ----
   XDATA CONST SIZE =   ----    ----
   FAR CONST SIZE   =   ----    ----
END OF MODULE INFORMATION.


C51 COMPILATION COMPLETE.  0 WARNING(S),  0 ERROR(S)
