C51 COMPILER V9.60.7.0   KEY_EVENT_PROCESS                                                 08/28/2026 18:50:05 PAGE 1   


C51 COMPILER V9.60.7.0, COMPILATION OF MODULE KEY_EVENT_PROCESS
OBJECT MODULE PLACED IN .\hex\key_event_process.obj
COMPILER INVOKED BY: C:\Keil_v5\C51\BIN\C51.EXE user_code\key_event_process.c LARGE OMF2 OPTIMIZE(9,SIZE) BROWSE INCDIR(
                    -.\user_aip3368h;.\user_code;.\driver_on_chip\uart;..\project-2026-08-19-CA51F353P6-SSOP28;.\driver_on_chip\timer0;.\incl
                    -udes;.\driver\aip3368;.\driver\key;.\driver_on_chip\timer1;.\Library\Includes) DEBUG PRINT(.\lst\key_event_process.lst) 
                    -OBJECT(.\hex\key_event_process.obj)

line level    source

   1          #include "key_event_process.h"
   2          #include "instrument.h"
   3          #include "ui.h"
   4          #include "aip3368h_display.h"
   5          #include "uart.h"
   6          #include "uart_transmitter.h"
   7          
   8          void key_event_process(void)
   9          {
  10   1          u8 i;
  11   1      
  12   1          if (instrument.key_event == KEY_EVENT_NONE) {
  13   2              return;
  14   2          }
  15   1      
  16   1          switch (instrument.key_event) {
  17   2          case 0x00:
  18   2              // 按键短按
  19   2              if (UI_STATE_NORMAL == ui_manager.state) {
  20   3                  // 正常显示模式下，按键单击切换显示的里程类型
  21   3                  instrument.is_display_total_mileage =
  22   3                      !instrument.is_display_total_mileage;
  23   3                  instrument_info_save_enable();
  24   3              } else if (UI_STATE_SETTING_DISTANCE_UNIT_TYPE == ui_manager.state) {
  25   3                  // 切换 单位类型
  26   3                  if (DISTANCE_UNIT_TYPE_METRIC == instrument.distance_unit_type) {
  27   4                      instrument.distance_unit_type = DISTANCE_UNIT_TYPE_IMPERIAL;
  28   4                  } else {
  29   4                      instrument.distance_unit_type = DISTANCE_UNIT_TYPE_METRIC;
  30   4                  }
  31   3              } else if (UI_STATE_SETTING_TIME_MINUTE == ui_manager.state) {
  32   3                  // 在设置分钟时，检测到短按
  33   3                  instrument.time_minute++;
  34   3                  if (instrument.time_minute > 59) {
  35   4                      instrument.time_minute = 0;
  36   4                  }
  37   3              } else if (UI_STATE_SETTING_TIME_HOUR == ui_manager.state) {
  38   3                  // 在设置小时时，检测到短按
  39   3                  instrument.time_hour++;
  40   3                  if (instrument.time_hour > 23) {
  41   4                      instrument.time_hour = 0;
  42   4                  }
  43   3              }
  44   2      
  45   2              ui_display_refresh();
  46   2              break;
  47   2          case 0x01:
  48   2              // 按键长按
  49   2              if (UI_STATE_NORMAL == ui_manager.state) {
  50   3                  // 如果正在显示总里程
  51   3                  if (1 == instrument.is_display_total_mileage) {
  52   4                      // 如果显示的是 TOTAL 里程，切换到设置要显示的单位类型
C51 COMPILER V9.60.7.0   KEY_EVENT_PROCESS                                                 08/28/2026 18:50:05 PAGE 2   

  53   4                      ui_set_state(UI_STATE_SETTING_DISTANCE_UNIT_TYPE);
  54   4                  } else {
  55   4                      // 如果显示的是 TRIP 里程，清空它
  56   4                      instrument.subtotal_mileage = 0;
  57   4                      instrument_info_save_enable();
  58   4                      aip3368h_display_mileage_refresh();
  59   4                      aip3368h_display_mileage_unit_lights(
  60   4                          instrument.distance_unit_type);
  61   4                  }
  62   3              } else if (UI_STATE_SETTING_DISTANCE_UNIT_TYPE == ui_manager.state) {
  63   3                  ui_set_state(UI_STATE_SETTING_TIME_MINUTE);
  64   3              } else if (UI_STATE_SETTING_TIME_MINUTE == ui_manager.state) {
  65   3                  for (i = 0; i < 3; i++) {
  66   4                      // 重复发送三次设置时间的指令
  67   4                      uart_transmitter_send_instruct(UART_INSTRUCT_TIME);
  68   4                  }
  69   3      
  70   3                  ui_set_state(UI_STATE_SETTING_TIME_HOUR);
  71   3              } else if (UI_STATE_SETTING_TIME_HOUR == ui_manager.state) {
  72   3                  for (i = 0; i < 3; i++) {
  73   4                      // 重复发送三次设置时间的指令
  74   4                      uart_transmitter_send_instruct(UART_INSTRUCT_TIME);
  75   4                  }
  76   3                  ui_set_state(UI_STATE_NORMAL);
  77   3              }
  78   2      
  79   2              ui_display_refresh();
  80   2              break;
  81   2          default:
  82   2              break;
  83   2          }
  84   1      
  85   1          instrument.key_event = KEY_EVENT_NONE;
  86   1      }


MODULE INFORMATION:   STATIC OVERLAYABLE
   CODE SIZE        =    242    ----
   CONSTANT SIZE    =   ----    ----
   XDATA SIZE       =   ----       1
   PDATA SIZE       =   ----    ----
   DATA SIZE        =   ----    ----
   IDATA SIZE       =   ----    ----
   BIT SIZE         =   ----    ----
   EDATA SIZE       =   ----    ----
   HDATA SIZE       =   ----    ----
   XDATA CONST SIZE =   ----    ----
   FAR CONST SIZE   =   ----    ----
END OF MODULE INFORMATION.


C51 COMPILATION COMPLETE.  0 WARNING(S),  0 ERROR(S)
