C51 COMPILER V9.60.7.0   MAIN                                                              08/31/2026 14:48:40 PAGE 1   


C51 COMPILER V9.60.7.0, COMPILATION OF MODULE MAIN
OBJECT MODULE PLACED IN .\hex\main.obj
COMPILER INVOKED BY: C:\Keil_v5\C51\BIN\C51.EXE main.c LARGE OMF2 OPTIMIZE(9,SIZE) BROWSE INCDIR(.\user_aip3368h;.\user_
                    -code;.\driver_on_chip\uart;..\project-2026-08-19-CA51F353P6-SSOP28;.\driver_on_chip\timer0;.\includes;.\driver\aip3368;.
                    -\driver\key;.\driver_on_chip\timer1;.\Library\Includes) DEBUG PRINT(.\lst\main.lst) OBJECT(.\hex\main.obj)

line level    source

   1          // 芯片官方提供的头文件：
   2          #include "ca51f_config.h"
   3          #include "includes\ca51f3sfr.h"
   4          #include "includes\ca51f3xsfr.h"
   5          #include "includes\gpiodef_f3.h"
   6          #include "system_clock.h"
   7          #include "wdt.h"
   8          
   9          #include "user_config.h"
  10          #if USER_DEBUG_ENABLE
  11          #include <stdio.h>
  12          #include "user_debug.h"
  13          #endif
  14          // 自定义的芯片片上外设驱动
  15          #include "uart.h"
  16          #include "timer0.h"
  17          #include "timer1.h"
  18          
  19          // 自定义的功能驱动
  20          #include "pin_level_scan.h"
  21          #include "aip3368.h"
  22          #include "aip3368h_display.h"
  23          #include "engine_speed_process.h"
  24          
  25          #include "instrument.h"
  26          #include "ui.h"
  27          #include "boot_animation.h"
  28          #include "uart_receiver.h"
  29          #include "key_event_process.h"
  30          #include "ui_speed_process.h"
  31          
  32          //***************************************************************
  33          void SystemInit(void)
  34          {
  35   1      #ifdef LVD_RST_ENABLE
  36   1          LVDCON = 0xE1; //设置LVD复位电压为2V
  37   1      #endif
  38   1      
  39   1      #if (SYSCLK_SRC == PLL)
  40   1          Sys_Clk_Set_PLL(PLL_Multiple);
  41   1      #endif
  42   1      
  43   1      /***************************看门狗阈值设置计算公式如下****************************
  44   1      看门狗触发时间 = (WDVTH * 800H+7FFH) * clock cycle
  45   1      当看门狗时钟为3.6864M时,时间覆盖范围为0.56ms--36s
  46   1      *********************************************************************************/
  47   1      //备注：需默认开启看门狗功能，并将其设置为复位模式
  48   1      #if (RTC_CLK_SELECT == IRCL)
  49   1          CKCON |= ILCKE; //使能IRCL
  50   1          WDCON = WDTS(WDTS_IRCL) |
  51   1                  WDRE(WDRE_reset); //设置看门狗时钟源为IRCL，模式为复位模式
  52   1      #elif (RTC_CLK_SELECT == XOSCL)
                  CKCON |= XLCKE;
C51 COMPILER V9.60.7.0   MAIN                                                              08/31/2026 14:48:40 PAGE 2   

                  while (!(CKCON & XLSTA))
                      ;
                  WDCON = WDTS(WDTS_XOSCL) |
                          WDRE(WDRE_reset); //设置看门狗时钟源为XOSCL，模式为复位模式
              #endif
  59   1      
  60   1          WDVTHH = 0;  // 看门狗复位阈值高八位设置 当前值为 5s
  61   1          WDVTHL = 75; // 看门狗复位阈值低八位设置
  62   1          WDFLG = 0xA5;
  63   1      }
  64          
  65          // TEST ONLY
  66          volatile uint8_t user_debug_1ms_cnt = 0;
  67          
  68          void user_1ms_isr(void)
  69          {
  70   1      
  71   1          if (user_debug_1ms_cnt < ((u8)-1)) {
  72   2              user_debug_1ms_cnt++;
  73   2          }
  74   1      
  75   1          boot_animation_time_base_add_1ms_isr();
  76   1          ui_timer_handle_isr();
  77   1          instrument_info_save_time_add();
  78   1          uart_receiver_process_timeout_add();
  79   1      
  80   1      #if AIP3368H_DISPLAY_TEST_ENABLE
  81   1          // aip3368h_display_engine_speed_lev_test_1ms_isr();
  82   1          // aip3368h_display_gear_test_1ms_isr();
  83   1          // aip3368h_display_bat_lev_light_test_1ms_isr();
  84   1          // aip3368h_display_time_test_1ms_isr();
  85   1          // aip3368h_display_mileage_test_1ms_isr();
  86   1          // aip3368h_display_speed_test_1ms_isr();
  87   1          // aip3368h_display_fuel_lev_test_1ms_isr();
  88   1      
  89   1          // aip3368h_display_light_blink_test_1ms_isr();
  90   1      #endif
  91   1      }
  92          
  93          void main(void)
  94          {
  95   1          u8 byte = 0;
  96   1      
  97   1          SystemInit();
  98   1          EA = 1;
  99   1      
 100   1      #if USER_DEBUG_ENABLE
 101   1          user_debug_io_init();
 102   1      #endif
 103   1          uart1_init();
 104   1          timer0_init();
 105   1          timer1_init();
 106   1      
 107   1          pin_level_scan_init();
 108   1          aip3368h_module_init();
 109   1          engine_speed_scan_config();
 110   1      
 111   1          ui_manager_init();
 112   1      
 113   1          instrument_info_init();
 114   1      
 115   1      #if USER_DEBUG_ENABLE
C51 COMPILER V9.60.7.0   MAIN                                                              08/31/2026 14:48:40 PAGE 3   

 116   1          printf("sys init\n");
 117   1      #endif
 118   1      
 119   1          // boot_animation_process();
 120   1      
 121   1          while (1) {
 122   2              WDFLG = 0xA5; // 喂狗
 123   2      
 124   2              // 串口接收测试
 125   2              // if (uart1_rxbuffer_get_count()) {
 126   2              //     byte = uart1_rxbuffer_get_byte();
 127   2              //     printf("%x ", (u16)byte);
 128   2              // }
 129   2      
 130   2              engine_speed_scan();
 131   2              key_event_process();
 132   2              ui_display_handle();
 133   2              pin_level_handle();
 134   2              uart1_txbuffer_handle();
 135   2              uart_receiver_process();
 136   2      
 137   2              instrument_info_save_handle();
 138   2          }
 139   1      }
 140          
 141          // #endif


MODULE INFORMATION:   STATIC OVERLAYABLE
   CODE SIZE        =    120    ----
   CONSTANT SIZE    =     10    ----
   XDATA SIZE       =      1       1
   PDATA SIZE       =   ----    ----
   DATA SIZE        =   ----    ----
   IDATA SIZE       =   ----    ----
   BIT SIZE         =   ----    ----
   EDATA SIZE       =   ----    ----
   HDATA SIZE       =   ----    ----
   XDATA CONST SIZE =   ----    ----
   FAR CONST SIZE   =   ----    ----
END OF MODULE INFORMATION.


C51 COMPILATION COMPLETE.  0 WARNING(S),  0 ERROR(S)
