C51 COMPILER V9.60.7.0   PIN_LEVEL_SCAN                                                    09/02/2026 08:43:32 PAGE 1   


C51 COMPILER V9.60.7.0, COMPILATION OF MODULE PIN_LEVEL_SCAN
OBJECT MODULE PLACED IN .\hex\pin_level_scan.obj
COMPILER INVOKED BY: C:\Keil_v5\C51\BIN\C51.EXE user_code\pin_level_scan.c LARGE OMF2 OPTIMIZE(9,SIZE) BROWSE INCDIR(.\u
                    -ser_aip3368h;.\user_code;.\driver_on_chip\uart;..\project-2026-08-19-CA51F353P6-SSOP28;.\driver_on_chip\timer0;.\include
                    -s;.\driver\aip3368;.\driver\key;.\driver_on_chip\timer1;.\Library\Includes) DEBUG PRINT(.\lst\pin_level_scan.lst) OBJECT
                    -(.\hex\pin_level_scan.obj)

line level    source

   1          #include "pin_level_scan.h"
   2          #include "user_config.h"
   3          
   4          #include "gpiodef_f3.h" // GPIO_Init()
   5          #include "ca51f3xsfr.h"
   6          #include "ca51f3sfr.h"
   7          
   8          #include "aip3368h_display.h"
   9          
  10          void pin_level_scan_init(void)
  11          {
  12   1          // ABS 检测脚
  13   1          GPIO_Init(P14F, INPUT); // 引脚有外部上拉，不用再配置上拉
  14   1      
  15   1          // 发动机故障检测脚
  16   1          GPIO_Init(P15F, INPUT); // 引脚有外部上拉，不用再配置上拉
  17   1      
  18   1          // 机油压力提示 检测脚
  19   1          GPIO_Init(P02F, INPUT); // 引脚有外部上拉，不用再配置上拉
  20   1      }
  21          
  22          // 引脚电平扫描
  23          void pin_level_handle(void)
  24          {
  25   1          if (SIGNAL_VALID_LEV_OF_ABS == PIN_DETECT_ABS) {
  26   2              aip3368h_display_abs_light(1);
  27   2          } else {
  28   2              aip3368h_display_abs_light(0);
  29   2          }
  30   1      
  31   1          if (SIGNAL_VALID_LEV_OF_ENGINE_ERR == PIN_DETECT_ENGINE_ERR) {
  32   2              aip3368h_display_engine_err_light(1);
  33   2          } else {
  34   2              aip3368h_display_engine_err_light(0);
  35   2          }
  36   1      
  37   1          if (SIGNAL_VALID_LEV_OF_ENGINE_OIL == PIN_DETECT_ENGINE_OIL) {
  38   2              aip3368h_display_engine_oil_light(1);
  39   2          } else {
  40   2              aip3368h_display_engine_oil_light(0);
  41   2          }
  42   1      }


MODULE INFORMATION:   STATIC OVERLAYABLE
   CODE SIZE        =     52    ----
   CONSTANT SIZE    =   ----    ----
   XDATA SIZE       =   ----    ----
   PDATA SIZE       =   ----    ----
   DATA SIZE        =   ----    ----
   IDATA SIZE       =   ----    ----
   BIT SIZE         =   ----    ----
C51 COMPILER V9.60.7.0   PIN_LEVEL_SCAN                                                    09/02/2026 08:43:32 PAGE 2   

   EDATA SIZE       =   ----    ----
   HDATA SIZE       =   ----    ----
   XDATA CONST SIZE =   ----    ----
   FAR CONST SIZE   =   ----    ----
END OF MODULE INFORMATION.


C51 COMPILATION COMPLETE.  0 WARNING(S),  0 ERROR(S)
