C51 COMPILER V9.60.7.0   TICKS_MODULE                                                      08/25/2026 17:46:48 PAGE 1   


C51 COMPILER V9.60.7.0, COMPILATION OF MODULE TICKS_MODULE
OBJECT MODULE PLACED IN .\hex\ticks_module.obj
COMPILER INVOKED BY: C:\Keil_v5\C51\BIN\C51.EXE user_aip3368h\ticks_module.c LARGE OMF2 OPTIMIZE(9,SIZE) BROWSE INCDIR(.
                    -\user_aip3368h;.\user_code;.\driver_on_chip\uart;..\project-2026-08-19-CA51F353P6-SSOP28;.\driver_on_chip\timer0;.\inclu
                    -des;.\driver\aip3368;.\driver\key;.\driver_on_chip\timer1) DEBUG PRINT(.\lst\ticks_module.lst) OBJECT(.\hex\ticks_module
                    -.obj)

line level    source

   1          #include "user_config.h"
   2          
   3          #define INT_TIME                            1000     //定时时间，单位为us
   4          #define TH_VAL                  (unsigned char)((0x10000 - (INT_TIME * (FOSC / 1000)) / 12000) >> 8)
   5          #define TL_VAL                  (unsigned char)(0x10000 - (INT_TIME * (FOSC / 1000)) / 12000)
   6          
   7          static volatile u8 tick_timer_flag = 0;  // bit0:5ms, bit1:10ms, bit2:30ms, bit3:50ms, bit4:100ms, bit5:20
             -0ms, bit6:500ms, bit7:1000ms
   8          static volatile u8 tick_timer_flag_tmp = 0;
   9          
  10          static volatile u16 tick_1ms_count = 0;
  11          static volatile u8 x25ms_cnt = 0;
  12          static volatile u8 x100ms_cnt = 0;
  13          
  14          #if 0
              void TIMER1_ISR(void) interrupt 3   // 每1000us中断一次
              {   // 周期中断
                      TH1 = TH_VAL;
                  TL1 = TL_VAL;
              
                  if(pwm_var != pwm_tmp){
                      if(pwm_var > pwm_tmp){
                          pwm_tmp += 2;
                          if(pwm_var < pwm_tmp){
                              pwm_var = pwm_tmp;
                          }
                      }
                      else{
                          pwm_tmp -= 2;
                          if(pwm_var > pwm_tmp){
                              pwm_tmp = pwm_var;
                          }
                      }
                      INDEX = PWM_CH3;
                      PWMDUTH = (pwm_tmp>>8);
                      PWMDUTL = pwm_tmp;
                      PWMUPD = (1<<PWM_CH3);
                  }
              
                  tick_1ms_count++;
                  if(tick_1ms_count >= 5){
                      tick_1ms_count = 0;
                      //5ms
                      tick_timer_flag |= SYSTIME_FLAG_5MS;
                      key_deb_en = 1;
                      chk_ad_en = 1;
              
                      x25ms_cnt++;
                      if(x25ms_cnt >= 5){
                          x25ms_cnt = 0;
                          //25ms
                          tick_timer_flag |= SYSTIME_FLAG_25MS;
C51 COMPILER V9.60.7.0   TICKS_MODULE                                                      08/25/2026 17:46:48 PAGE 2   

              
                          x100ms_cnt++;
                          if((x100ms_cnt&0x01) == 0){
                              //50ms
                               tick_timer_flag |= SYSTIME_FLAG_50MS;
                               deal_showdat_en = 1;
                          }
                          if(x100ms_cnt >= 4){
                              x100ms_cnt = 0;
                              //100ms
                              tick_timer_flag |= SYSTIME_FLAG_100MS;
                          }
                      }
                  }
              
                  // tick_1ms_count++;
                  // if ((tick_1ms_count % 5) == 0)
                  // {
                  //     tick_timer_flag |= SYSTIME_FLAG_5MS;
                  //     if ((tick_1ms_count % 10) == 0)
                  //     {
                  //         tick_timer_flag |= SYSTIME_FLAG_10MS;
                  //         key_deb_en = 1;
                  //         chk_ad_en = 1;
                  //     }
                  //     if ((tick_1ms_count % 25) == 0)
                  //     {
                  //         tick_timer_flag |= SYSTIME_FLAG_25MS;
                  //         if ((tick_1ms_count % 50) == 0)
                  //         {
                  //             tick_timer_flag |= SYSTIME_FLAG_50MS;
                  //             // com_test = ~com_test;
                  //             deal_showdat_en = 1;
                  //         }
                  //         if ((tick_1ms_count % 100) == 0)
                  //         {
                  //             tick_timer_flag |= SYSTIME_FLAG_100MS;
                  //             // powup_cnt_en = 1;
                  //         }
                  //         if ((tick_1ms_count % 200) == 0)
                  //         {
                  //             tick_timer_flag |= SYSTIME_FLAG_200MS;
                  //         }
                  //         if ((tick_1ms_count % 500) == 0)
                  //         {
                  //             tick_timer_flag |= SYSTIME_FLAG_500MS;
                  //         }
                  //         if ((tick_1ms_count % 1000) == 0)
                  //         {
                  //             tick_timer_flag |= SYSTIME_FLAG_1000MS;
                  //             tick_1ms_count = 0;
                  //         }
                  //     }
                  // }
              }
              #endif
 108          
 109          u8 systimer_flag_is_valid(u8 flag)
 110          {
 111   1          if (tick_timer_flag_tmp & flag)
 112   1              return 1;
 113   1          return 0;
C51 COMPILER V9.60.7.0   TICKS_MODULE                                                      08/25/2026 17:46:48 PAGE 3   

 114   1      }
 115          
 116          void systimer_flag_update(void)
 117          {
 118   1          bit tr1 = TR1;
 119   1          TR1 = 0;  // 关闭定时器1中断，防止tick_timer_flag被中断修改
 120   1          tick_timer_flag_tmp = tick_timer_flag;
 121   1          tick_timer_flag &= ~SYSTIME_FLAG_ALL;
 122   1          TR1 = tr1;  // 恢复定时器1中断关闭前的状态
 123   1      }
 124          
 125          void systimer_set_flag(u8 flag)
 126          {
 127   1          tick_timer_flag |= flag;
 128   1      }
 129          
 130          void tick_timer_config(void)
 131          {
 132   1              TR1 = 0;                        // 定时器1失能
 133   1              ET1 = 0;                        // 定时器1中断失能
 134   1          // memset(&sys_timer, 0, sizeof(sys_timer));
 135   1          tick_1ms_count = 0;
 136   1          tick_timer_flag &= ~SYSTIME_FLAG_ALL;
 137   1      
 138   1              TMOD = (TMOD&0xCF)|0x10;        // 模式选择: 定时器1，模式1
 139   1              TH1 = TH_VAL;                   // 高8位装初值
 140   1              TL1 = TL_VAL;                   // 低8位装初值
 141   1              TR1 = 1;                        // 定时器1使能
 142   1              ET1 = 1;                        // 定时器1中断使能
 143   1      //      PT1 = 1;                        // 设置定时器1中断优先级为高优先级
 144   1      }
 145          
 146          void tick_timer_config_close(void)
 147          {
 148   1          TR1 = 0;                        // 定时器1停止
 149   1          ET1 = 0;                        // 定时器1中断禁止
 150   1      }
 151          
 152          void idle_mode_timer_wakeup_config(void)
 153          {
 154   1      #define SLEEP_INT_TIME              1000000    //定时时间，单位为us
 155   1      #define SLEEP_TH_VAL                (unsigned char)((0x10000 - (SLEEP_INT_TIME * (131000 / 1000)) / 12000)
             - >> 8)
 156   1      #define SLEEP_TL_VAL                (unsigned char)(0x10000 - (SLEEP_INT_TIME * (131000 / 1000)) / 12000)
 157   1              TR1 = 0;                        // 定时器1失能
 158   1              ET1 = 0;                        // 定时器1中断失能
 159   1      
 160   1              TMOD = (TMOD&0xCF)|0x10;        // 模式选择: 定时器1，模式1
 161   1              TH1 = SLEEP_TH_VAL;             // 高8位装初值
 162   1              TL1 = SLEEP_TL_VAL;             // 低8位装初值
 163   1              TR1 = 1;                        // 定时器1使能
 164   1              ET1 = 1;                        // 定时器1中断使能
 165   1      //      PT1 = 1;                        // 设置定时器1中断优先级为高优先级
 166   1      }


MODULE INFORMATION:   STATIC OVERLAYABLE
   CODE SIZE        =    106    ----
   CONSTANT SIZE    =   ----    ----
   XDATA SIZE       =      6    ----
   PDATA SIZE       =   ----    ----
   DATA SIZE        =   ----    ----
C51 COMPILER V9.60.7.0   TICKS_MODULE                                                      08/25/2026 17:46:48 PAGE 4   

   IDATA SIZE       =   ----    ----
   BIT SIZE         =   ----       1
   EDATA SIZE       =   ----    ----
   HDATA SIZE       =   ----    ----
   XDATA CONST SIZE =   ----    ----
   FAR CONST SIZE   =   ----    ----
END OF MODULE INFORMATION.


C51 COMPILATION COMPLETE.  0 WARNING(S),  0 ERROR(S)
