C51 COMPILER V9.60.7.0   TIMER1                                                            09/02/2026 08:43:30 PAGE 1   


C51 COMPILER V9.60.7.0, COMPILATION OF MODULE TIMER1
OBJECT MODULE PLACED IN .\hex\timer1.obj
COMPILER INVOKED BY: C:\Keil_v5\C51\BIN\C51.EXE driver_on_chip\timer1\timer1.c LARGE OMF2 OPTIMIZE(9,SIZE) BROWSE INCDIR
                    -(.\user_aip3368h;.\user_code;.\driver_on_chip\uart;..\project-2026-08-19-CA51F353P6-SSOP28;.\driver_on_chip\timer0;.\inc
                    -ludes;.\driver\aip3368;.\driver\key;.\driver_on_chip\timer1;.\Library\Includes) DEBUG PRINT(.\lst\timer1.lst) OBJECT(.\h
                    -ex\timer1.obj)

line level    source

   1          #include "timer1.h"
   2          #include "ca51f3sfr.h"
   3          
   4          // #include "user_debug.h"
   5          
   6          #include "engine_speed_process.h"
   7          
   8          void timer1_init(void)
   9          {
  10   1          TMOD &= 0xCF; //
  11   1          TMOD |= 0x10; //
  12   1      
  13   1          TH1 = TIMER1_HVAL;
  14   1          TL1 = TIMER1_LVAL;
  15   1      
  16   1          TR1 = 1; // 定时器1使能
  17   1          ET1 = 1; // 定时器1中断使能
  18   1      }
  19          
  20          void timer1_isr(void) interrupt 3
  21          {
  22   1          // 触发中断后，重新写入计数值
  23   1          TH1 = TIMER1_HVAL;
  24   1          TL1 = TIMER1_LVAL;
  25   1        
  26   1          engine_speed_scan_timer_50us_isr();
  27   1      }


MODULE INFORMATION:   STATIC OVERLAYABLE
   CODE SIZE        =     85    ----
   CONSTANT SIZE    =   ----    ----
   XDATA SIZE       =   ----    ----
   PDATA SIZE       =   ----    ----
   DATA SIZE        =   ----    ----
   IDATA SIZE       =   ----    ----
   BIT SIZE         =   ----    ----
   EDATA SIZE       =   ----    ----
   HDATA SIZE       =   ----    ----
   XDATA CONST SIZE =   ----    ----
   FAR CONST SIZE   =   ----    ----
END OF MODULE INFORMATION.


C51 COMPILATION COMPLETE.  0 WARNING(S),  0 ERROR(S)
