C51 COMPILER V9.60.7.0   TIMER0                                                            09/02/2026 08:43:30 PAGE 1   


C51 COMPILER V9.60.7.0, COMPILATION OF MODULE TIMER0
OBJECT MODULE PLACED IN .\hex\timer0.obj
COMPILER INVOKED BY: C:\Keil_v5\C51\BIN\C51.EXE driver_on_chip\timer0\timer0.c LARGE OMF2 OPTIMIZE(9,SIZE) BROWSE INCDIR
                    -(.\user_aip3368h;.\user_code;.\driver_on_chip\uart;..\project-2026-08-19-CA51F353P6-SSOP28;.\driver_on_chip\timer0;.\inc
                    -ludes;.\driver\aip3368;.\driver\key;.\driver_on_chip\timer1;.\Library\Includes) DEBUG PRINT(.\lst\timer0.lst) OBJECT(.\h
                    -ex\timer0.obj)

line level    source

   1          #include "timer0.h"
   2          
   3          #include "ca51f3sfr.h" // 寄存器定义
   4          
   5          #include "aip3368.h"
   6          
   7          extern void user_1ms_isr(void);
   8          
   9          void timer0_init(void)
  10          {
  11   1          TMOD &= 0xFC;      // 使能定时器 0 ，定时器0配置为计数器
  12   1          TMOD |= 0x01;      // 定时器0配置为模式1，组成16位
  13   1          TH0 = TIMER0_HVAL; // 高8位装初值
  14   1          TL0 = TIMER0_LVAL; // 低8位装初值
  15   1      
  16   1          TR0 = 1; //定时器0使能
  17   1          ET0 = 1; //定时器0中断使能
  18   1      }
  19          
  20          void timer0_isr(void) interrupt 1
  21          {
  22   1          // 触发中断后，重新写入计数值
  23   1          TH0 = TIMER0_HVAL;
  24   1          TL0 = TIMER0_LVAL;
  25   1      
  26   1          user_1ms_isr();
  27   1      }


MODULE INFORMATION:   STATIC OVERLAYABLE
   CODE SIZE        =     85    ----
   CONSTANT SIZE    =   ----    ----
   XDATA SIZE       =   ----    ----
   PDATA SIZE       =   ----    ----
   DATA SIZE        =   ----    ----
   IDATA SIZE       =   ----    ----
   BIT SIZE         =   ----    ----
   EDATA SIZE       =   ----    ----
   HDATA SIZE       =   ----    ----
   XDATA CONST SIZE =   ----    ----
   FAR CONST SIZE   =   ----    ----
END OF MODULE INFORMATION.


C51 COMPILATION COMPLETE.  0 WARNING(S),  0 ERROR(S)
