C51 COMPILER V9.60.7.0   UART_RECEIVER                                                     08/28/2026 18:50:05 PAGE 1   


C51 COMPILER V9.60.7.0, COMPILATION OF MODULE UART_RECEIVER
OBJECT MODULE PLACED IN .\hex\uart_receiver.obj
COMPILER INVOKED BY: C:\Keil_v5\C51\BIN\C51.EXE user_code\uart_receiver.c LARGE OMF2 OPTIMIZE(9,SIZE) BROWSE INCDIR(.\us
                    -er_aip3368h;.\user_code;.\driver_on_chip\uart;..\project-2026-08-19-CA51F353P6-SSOP28;.\driver_on_chip\timer0;.\includes
                    -;.\driver\aip3368;.\driver\key;.\driver_on_chip\timer1;.\Library\Includes) DEBUG PRINT(.\lst\uart_receiver.lst) OBJECT(.
                    -\hex\uart_receiver.obj)

line level    source

   1          #include "user_config.h"
   2          #include "uart.h"
   3          #include "uart_receiver.h"
   4          
   5          #include "instrument.h"
   6          #include "aip3368h_display.h"
   7          
   8          #if USER_DEBUG_ENABLE
   9          #include <stdio.h>
  10          #endif
  11          
  12          // 串口数据接收器
  13          static volatile uart_receiver_t uart_receiver = {0};
  14          
  15          void uart_receiver_reset(void)
  16          {
  17   1          uart_receiver.cur_recv_len = 0;
  18   1          uart_receiver.idx = 0;
  19   1          uart_receiver.timeout_enable = 0;
  20   1          uart_receiver.timeout_cnt = 0;
  21   1          uart_receiver.sta = UART_RECEIVER_STA_IDLE;
  22   1      }
  23          
  24          /**
  25           * @brief 接收器处理超时使能之后，会累计超时时间
  26           *      该函数在定时器中断内调用
  27           * 
  28           */
  29          void uart_receiver_process_timeout_add(void)
  30          {
  31   1          if (uart_receiver.timeout_enable) {
  32   2              if (uart_receiver.timeout_cnt < ((u16)-1)) {
  33   3                  uart_receiver.timeout_cnt++;
  34   3              }
  35   2          }
  36   1      }
  37          
  38          /**
  39           * @brief 接收器处理超时，调用该处理函数
  40           * 
  41           */
  42          void uart_receiver_process_timeout_handle(void)
  43          {
  44   1      #if USER_DEBUG_ENABLE
  45   1          u8 i;
  46   1      #endif
  47   1      
  48   1          if (uart_receiver.timeout_cnt < UART_RECEIVER_PROCESS_TIMEOUT) {
  49   2              return;
  50   2          }
  51   1      
  52   1      #if USER_DEBUG_ENABLE
C51 COMPILER V9.60.7.0   UART_RECEIVER                                                     08/28/2026 18:50:05 PAGE 2   

  53   1          printf("UART receive process timeout, current status: %u\n",
  54   1                 (u16)uart_receiver.sta);
  55   1      
  56   1          // 打印当前缓冲区内容
  57   1          printf("Buffer content: \n");
  58   1          for (i = 0; i < uart_receiver.idx; i++) {
  59   2              printf("0x%02x ", (u16)uart_receiver.buffer[i]);
  60   2          }
  61   1          printf("\n");
  62   1      #endif
  63   1      
  64   1          // 重置接收器
  65   1          uart_receiver_reset();
  66   1      }
  67          
  68          /**
  69           * @brief 串口接收器处理当前接收到的1个字节数据
  70           * 
  71           * @param byte 
  72           */
  73          u8 uart_receiver_process_byte(u8 byte)
  74          {
  75   1          u8 ret = 1; // 0: 处理成功，1: 处理失败
  76   1          u8 i;       // 循环计数值
  77   1          u8 check_sum = 0;
  78   1      
  79   1          // 表示当前接收了一个字节，并不表示接收成功
  80   1          uart_receiver.cur_recv_len++;
  81   1      
  82   1          switch (uart_receiver.sta) {
  83   2          case UART_RECEIVER_STA_IDLE:
  84   2              // 空闲状态，判断有没有格式头到来
  85   2              if (UART_INSTRUCT_HEAD == byte) {
  86   3                  uart_receiver.sta++;
  87   3                  ret = 0;
  88   3              }
  89   2              break;
  90   2          case UART_RECEIVER_STA_FORMAT_HEAD:
  91   2              // 接收了格式头，接下来接收数据长度
  92   2              uart_receiver.sta++;
  93   2              uart_receiver.expect_recv_len = byte;
  94   2              ret = 0;
  95   2              break;
  96   2          case UART_RECEIVER_STA_LENGTH:
  97   2              // 接收了数据长度，现在接收指令码
  98   2              uart_receiver.sta++;
  99   2              ret = 0;
 100   2              break;
 101   2          case UART_RECEIVER_STA_INSTRUCT:
 102   2              // 接收了指令码，当前在接收有效数据字节：
 103   2              ret = 0;
 104   2      
 105   2              if (uart_receiver.cur_recv_len >= uart_receiver.expect_recv_len) {
 106   3                  // 数据接收完成，计算校验和
 107   3      
 108   3                  for (i = 0; i < uart_receiver.expect_recv_len - 1; i++) {
 109   4                      check_sum += uart_receiver.buffer[i];
 110   4                  }
 111   3      
 112   3                  if (check_sum != byte) {
 113   4                      // 校验和错误
 114   4                      ret = 1;
C51 COMPILER V9.60.7.0   UART_RECEIVER                                                     08/28/2026 18:50:05 PAGE 3   

 115   4                  } else {
 116   4                      // 校验和正确，接收成功
 117   4                      uart_receiver.sta++;
 118   4                  }
 119   3              }
 120   2              break;
 121   2          default:
 122   2      #if USER_DEBUG_ENABLE
 123   2              printf("uart_receiver_process_byte\n");
 124   2              printf("uart_receiver.sta invalid, val == %u\n",
 125   2                     (u16)uart_receiver.sta);
 126   2      #endif
 127   2              break;
 128   2          }
 129   1      
 130   1          if (0 == ret) {
 131   2              // 处理成功，将当前接收到的字节数据存入缓冲区
 132   2              uart_receiver.buffer[uart_receiver.idx] = byte;
 133   2              uart_receiver.idx++;
 134   2          }
 135   1      
 136   1          return ret;
 137   1      }
 138          
 139          void uart_receiver_process(void)
 140          {
 141   1          u8 recv_byte;
 142   1          u8 ret;
 143   1      
 144   1          // 检查是否接收超时
 145   1          if (uart_receiver.timeout_enable) {
 146   2              uart_receiver_process_timeout_handle();
 147   2          }
 148   1      
 149   1          if (0 == uart1_rxbuffer_get_count()) {
 150   2              // 串口接收缓冲区为空，不处理
 151   2              return;
 152   2          }
 153   1      
 154   1          recv_byte = uart1_rxbuffer_get_byte();
 155   1          // 接收一次数据后，启用超时处理，重置超时计数
 156   1          uart_receiver.timeout_enable = 1;
 157   1          uart_receiver.timeout_cnt = 0;
 158   1      
 159   1          ret = uart_receiver_process_byte(recv_byte);
 160   1          if (ret) {
 161   2      // 处理失败，重置接收器
 162   2      #if USER_DEBUG_ENABLE
 163   2      #if 1
 164   2              // 如果连格式头都没有接收，不打印错误信息
 165   2              if (uart_receiver.sta != 0) {
 166   3                  printf("Byte processing failed\n");
 167   3                  printf("cur uart receiver status: %02u\n", (u16)uart_receiver.sta);
 168   3              }
 169   2      #endif
 170   2      #endif
 171   2      
 172   2              uart_receiver_reset();
 173   2          }
 174   1      
 175   1          if (uart_receiver.sta != UART_RECEIVER_STA_DATA) {
 176   2              // 没有接收完，函数直接返回，等待下次数据到来
C51 COMPILER V9.60.7.0   UART_RECEIVER                                                     08/28/2026 18:50:05 PAGE 4   

 177   2              return;
 178   2          }
 179   1      
 180   1          // =======================================================
 181   1          // =======================================================
 182   1          // 接收完成，处理接收到的数据
 183   1      
 184   1          // 根据指令码，处理对应的数据
 185   1          switch (uart_receiver.buffer[2]) {
 186   2          case UART_INSTRUCT_GEAR:
 187   2      
 188   2              instrument.gear = uart_receiver.buffer[3];
 189   2      
 190   2      #if USER_DEBUG_ENABLE
 191   2              // printf("recv gear\n");
 192   2              // aip3368h_display_gear(instrument.gear);
 193   2      #endif
 194   2              break;
 195   2          case UART_INSTRUCT_BAT_VOLTAGE:
 196   2      
 197   2              instrument.bat_voltage =
 198   2                  ((u16)uart_receiver.buffer[3] << 8) | (u16)uart_receiver.buffer[4];
 199   2      
 200   2      #if USER_DEBUG_ENABLE
 201   2              // printf("recv bat voltage\n");
 202   2              // printf("bat voltage == %u mV\n", (u16)instrument.bat_voltage);
 203   2      #endif
 204   2              break;
 205   2      
 206   2          case UART_INSTRUCT_TIME:
 207   2              instrument.time_hour = uart_receiver.buffer[3];
 208   2              instrument.time_minute = uart_receiver.buffer[4];
 209   2      
 210   2      #if USER_DEBUG_ENABLE
 211   2              // printf("recv time\n");
 212   2              // printf("hour == %u\n", (u16)instrument.time_hour);
 213   2              // printf("minute == %u\n", (u16)instrument.time_minute);
 214   2      #endif
 215   2              break;
 216   2      
 217   2          case UART_INSTRUCT_ENGINE_SPEED:
 218   2              instrument.engine_speed =
 219   2                  ((u16)uart_receiver.buffer[3] << 8) | (u16)uart_receiver.buffer[4];
 220   2              break;
 221   2      
 222   2          case UART_INSTRUCT_SPEED:
 223   2              instrument.speed =
 224   2                  ((u16)uart_receiver.buffer[3] << 8) | (u16)uart_receiver.buffer[4];
 225   2              break;
 226   2          case UART_INSTRUCT_TOTAL_MILEAGE:
 227   2              instrument.total_mileage = (u32)uart_receiver.buffer[3] << 24 |
 228   2                                         (u32)uart_receiver.buffer[4] << 16 |
 229   2                                         (u32)uart_receiver.buffer[5] << 8 |
 230   2                                         (u32)uart_receiver.buffer[6];
 231   2              // TODO 在显示时，根据公英制单位来限制
 232   2              // if (instrument.total_mileage > (u32)99999) {
 233   2              //     instrument.total_mileage = (u32)99999;
 234   2              // }
 235   2              break;
 236   2          case UART_INSTRUCT_SUBTOTAL_MILEAGE:
 237   2              instrument.subtotal_mileage = (u32)uart_receiver.buffer[3] << 24 |
 238   2                                            (u32)uart_receiver.buffer[4] << 16 |
C51 COMPILER V9.60.7.0   UART_RECEIVER                                                     08/28/2026 18:50:05 PAGE 5   

 239   2                                            (u32)uart_receiver.buffer[5] << 8 |
 240   2                                            (u32)uart_receiver.buffer[6];
 241   2              // TODO 在显示时，根据公英制单位来限制
 242   2              // if (instrument.subtotal_mileage > (u32)99999) {
 243   2              //     instrument.subtotal_mileage = (u32)99999;
 244   2              // }
 245   2              break;
 246   2          case UART_INSTRUCT_LEFT_TURN:
 247   2              instrument.left_turn_valid = uart_receiver.buffer[3];
 248   2              break;
 249   2          case UART_INSTRUCT_RIGHT_TURN:
 250   2              instrument.right_turn_valid = uart_receiver.buffer[3];
 251   2              break;
 252   2          case UART_INSTRUCT_ENGINE_ERR:
 253   2              instrument.engine_err_valid = uart_receiver.buffer[3];
 254   2              break;
 255   2          case UART_INSTRUCT_ABS:
 256   2              instrument.abs_valid = uart_receiver.buffer[3];
 257   2              break;
 258   2          case UART_INSTRUCT_ENGINE_OIL:
 259   2              instrument.engine_oil_valid = uart_receiver.buffer[3];
 260   2              break;
 261   2          case UART_INSTRUCT_TEMP_OF_WATER_ERR:
 262   2              instrument.temp_of_water_err_valid = uart_receiver.buffer[3];
 263   2              break;
 264   2          case UART_INSTRUCT_HIGH_BEAM:
 265   2              instrument.high_beam_valid = uart_receiver.buffer[3];
 266   2              break;
 267   2          case UART_INSTRUCT_FUEL_PERCENT:
 268   2              instrument.fuel_percent = uart_receiver.buffer[3];
 269   2              break;
 270   2          case UART_INSTRUCT_KEY:
 271   2              instrument.key_event = uart_receiver.buffer[3];
 272   2              // REVIEW 处理完按键事件后，注意要清零
 273   2              break;
 274   2      
 275   2          default:
 276   2              break;
 277   2          }
 278   1      
 279   1          // 处理完一帧数据后，重置接收器，准备下一帧接收
 280   1          uart_receiver_reset();
 281   1      }


MODULE INFORMATION:   STATIC OVERLAYABLE
   CODE SIZE        =    829    ----
   CONSTANT SIZE    =    200    ----
   XDATA SIZE       =     27       3
   PDATA SIZE       =   ----    ----
   DATA SIZE        =   ----    ----
   IDATA SIZE       =   ----    ----
   BIT SIZE         =   ----    ----
   EDATA SIZE       =   ----    ----
   HDATA SIZE       =   ----    ----
   XDATA CONST SIZE =   ----    ----
   FAR CONST SIZE   =   ----    ----
END OF MODULE INFORMATION.


C51 COMPILATION COMPLETE.  0 WARNING(S),  0 ERROR(S)
