C51 COMPILER V9.60.7.0   UART_TRANSMITTER                                                  08/28/2026 18:50:05 PAGE 1   


C51 COMPILER V9.60.7.0, COMPILATION OF MODULE UART_TRANSMITTER
OBJECT MODULE PLACED IN .\hex\uart_transmitter.obj
COMPILER INVOKED BY: C:\Keil_v5\C51\BIN\C51.EXE user_code\uart_transmitter.c LARGE OMF2 OPTIMIZE(9,SIZE) BROWSE INCDIR(.
                    -\user_aip3368h;.\user_code;.\driver_on_chip\uart;..\project-2026-08-19-CA51F353P6-SSOP28;.\driver_on_chip\timer0;.\inclu
                    -des;.\driver\aip3368;.\driver\key;.\driver_on_chip\timer1;.\Library\Includes) DEBUG PRINT(.\lst\uart_transmitter.lst) OB
                    -JECT(.\hex\uart_transmitter.obj)

line level    source

   1          #include "uart_transmitter.h"
   2          #include "uart.h"
   3          #include "uart_receiver.h" // 包含串口指令的定义
   4          #include "instrument.h"
   5          
   6          // #include "user_typedef.h"
   7          
   8          volatile u8 uart_transmitter_buffer[10] = {0};
   9          
  10          void uart_transmitter_send_instruct(uart_instruct_t uart_instruct)
  11          {
  12   1          u8 check_sum = 0; // 存放校验和
  13   1      
  14   1          uart_transmitter_buffer[0] = UART_INSTRUCT_HEAD;
  15   1      
  16   1          switch (uart_instruct) {
  17   2          case UART_INSTRUCT_TIME:
  18   2              uart_transmitter_buffer[1] = 0x06;               // 帧长度
  19   2              uart_transmitter_buffer[2] = UART_INSTRUCT_TIME; // 指令
  20   2              uart_transmitter_buffer[3] = instrument.time_hour;
  21   2              uart_transmitter_buffer[4] = instrument.time_minute;
  22   2      
  23   2              check_sum = uart_transmitter_buffer[0] + uart_transmitter_buffer[1] +
  24   2                          uart_transmitter_buffer[2] + uart_transmitter_buffer[3] +
  25   2                          uart_transmitter_buffer[4];
  26   2              uart_transmitter_buffer[5] = check_sum;
  27   2              break;
  28   2      
  29   2          default:
  30   2              return;
  31   2              break;
  32   2          }
  33   1      
  34   1          uart1_txbuffer_put_buff(uart_transmitter_buffer,
  35   1                                  ARRAY_SIZE(uart_transmitter_buffer));
  36   1      }
  37           


MODULE INFORMATION:   STATIC OVERLAYABLE
   CODE SIZE        =     76    ----
   CONSTANT SIZE    =   ----    ----
   XDATA SIZE       =     10    ----
   PDATA SIZE       =   ----    ----
   DATA SIZE        =   ----    ----
   IDATA SIZE       =   ----    ----
   BIT SIZE         =   ----    ----
   EDATA SIZE       =   ----    ----
   HDATA SIZE       =   ----    ----
   XDATA CONST SIZE =   ----    ----
   FAR CONST SIZE   =   ----    ----
END OF MODULE INFORMATION.

C51 COMPILER V9.60.7.0   UART_TRANSMITTER                                                  08/28/2026 18:50:05 PAGE 2   


C51 COMPILATION COMPLETE.  0 WARNING(S),  0 ERROR(S)
