C51 COMPILER V9.60.7.0   UART                                                              08/27/2026 18:51:43 PAGE 1   


C51 COMPILER V9.60.7.0, COMPILATION OF MODULE UART
OBJECT MODULE PLACED IN .\hex\uart.obj
COMPILER INVOKED BY: C:\Keil_v5\C51\BIN\C51.EXE driver_on_chip\uart\uart.c LARGE OMF2 OPTIMIZE(9,SIZE) BROWSE INCDIR(.\u
                    -ser_aip3368h;.\user_code;.\driver_on_chip\uart;..\project-2026-08-19-CA51F353P6-SSOP28;.\driver_on_chip\timer0;.\include
                    -s;.\driver\aip3368;.\driver\key;.\driver_on_chip\timer1;.\Library\Includes) DEBUG PRINT(.\lst\uart.lst) OBJECT(.\hex\uar
                    -t.obj)

line level    source

   1          #include "uart.h"
   2          #include "user_config.h"
   3          
   4          #include "ca51f_config.h"
   5          #include "includes\ca51f3sfr.h"
   6          #include "includes\ca51f3xsfr.h"
   7          #include "includes\gpiodef_f3.h"
   8          
   9          #include "includes\system.h"
  10          
  11          #include <string.h>
  12          
  13          #if USER_DEBUG_ENABLE
  14          #include <stdio.h>
  15          #endif
  16          
  17          volatile bit uart1_tx_busy_flag; // 发送忙碌标志
  18          volatile uart1_rx_buffer_t uart1_rx_buffer;
  19          
  20          #if USER_DEBUG_ENABLE
  21          // 重写puchar()函数
  22          char putchar(char c)
  23          {
  24   1          uart1_send_byte(c);
  25   1          return c;
  26   1      }
  27          #endif
  28          
  29          void uart1_init(void)
  30          {
  31   1          unsigned int value_temp;
  32   1      
  33   1          uart1_tx_busy_flag = 0;
  34   1          memset(&uart1_rx_buffer, 0, sizeof(uart1_rx_buffer_t));
  35   1      
  36   1          GPIO_Init(P11F, P11_UART1_TX_SETTING);
  37   1          GPIO_Init(P12F, P12_UART1_RX_SETTING);
  38   1      
  39   1          // 波特率
  40   1          value_temp = 0x400 - FOSC / (UART1_BAUTRATE * 32);
  41   1          S1RELH = (unsigned char)(value_temp >> 8);
  42   1          S1RELL = (unsigned char)(value_temp);
  43   1      
  44   1          S1CON = ((0x01 << 7) | // 8位异步模式
  45   1                   (0x01 << 6) | // 使能中断
  46   1                   (0x01 << 4)); // 串行接收使能
  47   1          ES1 = 1;               // UART1中断使能
  48   1      }
  49          
  50          /**
  51           * @brief 发送一个字节数据
  52           * 
C51 COMPILER V9.60.7.0   UART                                                              08/27/2026 18:51:43 PAGE 2   

  53           * 往发送缓冲区中存放数据，通过串口中断发送
  54           * 
  55           * @note 会阻塞主循环，直到发送完成
  56           *      如果缓冲区有空间，则存放数据。如果缓冲区已满，则等待
  57           * 
  58           */
  59          void uart1_send_byte(unsigned char byte)
  60          {
  61   1          while (1) {
  62   2      
  63   2              // 等待上一次发送完成
  64   2              if (!uart1_tx_busy_flag) {
  65   3      
  66   3                  ES1 = 0; // 不使能 UART1 中断
  67   3                  S1BUF = byte;
  68   3                  uart1_tx_busy_flag = 1;
  69   3                  ES1 = 1;
  70   3                  break;
  71   3              }
  72   2      
  73   2              // 在这里加喂狗，在频繁收发时，会把整个程序卡死
  74   2              // WDFLG = 0xA5; // 喂狗
  75   2          }
  76   1      }
  77          
  78          u8 uart1_rxbuffer_get_count(void)
  79          {
  80   1          return uart1_rx_buffer.count;
  81   1      }
  82          
  83          /**
  84           * @brief 从接收缓冲区中取出一个字节数据
  85           *     
  86           * @note 使用该函数前，需要先判断接收缓冲区中是否有数据
  87           * 
  88           */
  89          u8 uart1_rxbuffer_get_byte(void)
  90          {
  91   1          u8 rxbyte;
  92   1      
  93   1          if (0 == uart1_rx_buffer.count) {
  94   2              // 缓冲区空
  95   2              return 0;
  96   2          }
  97   1      
  98   1          // 先偏移索引，再取出数据
  99   1          uart1_rx_buffer.tail++;
 100   1          if (uart1_rx_buffer.tail >= UART1_RX_BUF_SIZE) {
 101   2              uart1_rx_buffer.tail = 0;
 102   2          }
 103   1      
 104   1          rxbyte = uart1_rx_buffer.buffer[uart1_rx_buffer.tail];
 105   1      
 106   1          uart1_rx_buffer.count--;
 107   1      
 108   1          return rxbyte;
 109   1      }
 110          
 111          void uart1_rxbuffer_put(u8 byte)
 112          {
 113   1          // 目前的逻辑：缓冲区满，覆盖旧的数据
 114   1      
C51 COMPILER V9.60.7.0   UART                                                              08/27/2026 18:51:43 PAGE 3   

 115   1          // 先偏移索引，再存放数据
 116   1          uart1_rx_buffer.head++;
 117   1          if (uart1_rx_buffer.head >= UART1_RX_BUF_SIZE) {
 118   2              uart1_rx_buffer.head = 0;
 119   2          }
 120   1          uart1_rx_buffer.buffer[uart1_rx_buffer.head] = byte;
 121   1      
 122   1          uart1_rx_buffer.count++;
 123   1      
 124   1          if (uart1_rx_buffer.count > UART1_RX_BUF_SIZE) {
 125   2              uart1_rx_buffer.count = UART1_RX_BUF_SIZE;
 126   2          }
 127   1      }
 128          
 129          void UART1_ISR(void) interrupt 6
 130          {
 131   1          if (S1CON & BIT0) {
 132   2              // 接收中断
 133   2              // S1CON = (S1CON & 0xFC) | 0x01; // REVIEW 该行是官方demo的示例
 134   2              S1CON |= 0x01; // 写1清空接收中断标志
 135   2              uart1_rxbuffer_put(S1BUF);
 136   2          }
 137   1      
 138   1          if (S1CON & BIT1) {
 139   2              // 串口1 发送完 S1BUF 数据中的停止位后，触发发送中断，进入这里
 140   2              S1CON |= (0x01 << 1); // 写1清空发送中断标志
 141   2              uart1_tx_busy_flag = 0;
 142   2          }
 143   1      }


MODULE INFORMATION:   STATIC OVERLAYABLE
   CODE SIZE        =    206    ----
   CONSTANT SIZE    =   ----    ----
   XDATA SIZE       =    103       1
   PDATA SIZE       =   ----    ----
   DATA SIZE        =   ----    ----
   IDATA SIZE       =   ----    ----
   BIT SIZE         =      1    ----
   EDATA SIZE       =   ----    ----
   HDATA SIZE       =   ----    ----
   XDATA CONST SIZE =   ----    ----
   FAR CONST SIZE   =   ----    ----
END OF MODULE INFORMATION.


C51 COMPILATION COMPLETE.  0 WARNING(S),  0 ERROR(S)
