C51 COMPILER V9.60.7.0   UART                                                              08/20/2026 18:20:02 PAGE 1   


C51 COMPILER V9.60.7.0, COMPILATION OF MODULE UART
OBJECT MODULE PLACED IN .\hex\uart.obj
COMPILER INVOKED BY: C:\Keil_v5\C51\BIN\C51.EXE driver_on_chip\uart\uart.c LARGE OMF2 OPTIMIZE(9,SIZE) BROWSE INCDIR(.\u
                    -ser_aip3368h;.\user_code;.\driver_on_chip\uart;..\project-2026-08-19-CA51F353P6-SSOP28;.\driver_on_chip\timer0;.\include
                    -s;.\driver\aip3368) DEBUG PRINT(.\lst\uart.lst) OBJECT(.\hex\uart.obj)

line level    source

   1          #include "uart.h"
   2          #include "user_config.h"
   3          
   4          #include "ca51f_config.h"
   5          #include "includes\ca51f3sfr.h"
   6          #include "includes\ca51f3xsfr.h"
   7          #include "includes\gpiodef_f3.h"
   8          
   9          #include "includes\system.h"
  10          
  11          // #include <stdarg.h>
  12          
  13          #if USER_DEBUG_ENABLE
  14          #include <stdio.h>
  15          #endif
  16          
  17          volatile uart_driver_tx_info_t uart1_drv_tx_info;
  18          
  19          volatile bit uart1_tx_busy_flag; // 发送忙碌标志
  20          volatile uart1_rx_buffer_t uart1_rx_buffer;
  21          
  22          #if USER_DEBUG_ENABLE
  23          // 重写puchar()函数
  24          char putchar(char c)
  25          {
  26   1          uart1_send_byte(c);
  27   1          return c;
  28   1      }
  29          #endif
  30          
  31          void uart1_init(void)
  32          {
  33   1          unsigned int value_temp;
  34   1      
  35   1          uart1_tx_busy_flag = 0;
  36   1          memset(&uart1_drv_tx_info, 0, sizeof(uart_driver_tx_info_t));
  37   1          memset(&uart1_rx_buffer, 0, sizeof(uart1_rx_buffer_t));
  38   1      
  39   1          GPIO_Init(P11F, P11_UART1_TX_SETTING);
  40   1          GPIO_Init(P12F, P12_UART1_RX_SETTING);
  41   1      
  42   1          // 波特率
  43   1          value_temp = 0x400 - FOSC / (UART1_BAUTRATE * 32);
  44   1          S1RELH = (unsigned char)(value_temp >> 8);
  45   1          S1RELL = (unsigned char)(value_temp);
  46   1      
  47   1          // S1CON = 0xD0;
  48   1          S1CON = ((0x01 << 7) | // 8位异步模式
  49   1                   (0x01 << 6) | // 使能中断
  50   1                   (0x01 << 4)); // 串行接收使能
  51   1          ES1 = 1;               // UART1中断使能
  52   1      }
  53          
C51 COMPILER V9.60.7.0   UART                                                              08/20/2026 18:20:02 PAGE 2   

  54          // 发送一个字节数据
  55          /**
  56           * @brief 发送一个字节数据
  57           * 
  58           * 往发送缓冲区中存放数据，通过串口中断发送
  59           * 
  60           * @note 会阻塞主循环，直到发送完成
  61           *      如果缓冲区有空间，则存放数据。如果缓冲区已满，则等待
  62           * 
  63           */
  64          void uart1_send_byte(unsigned char byte)
  65          {
  66   1          unsigned char free_space;
  67   1          unsigned char tail_tmp;
  68   1      
  69   1          while (1) {
  70   2              tail_tmp = uart1_drv_tx_info.tail;
  71   2              if (uart1_drv_tx_info.head < tail_tmp) {
  72   3                  // 头指针在尾指针前面
  73   3                  free_space = tail_tmp - uart1_drv_tx_info.head;
  74   3              } else {
  75   3                  // 头指针在尾指针后面
  76   3                  free_space = UART1_TX_BUF_SIZE + tail_tmp - uart1_drv_tx_info.head;
  77   3              }
  78   2      
  79   2              // 如果缓冲区有空间，则存放数据。如果缓冲区已满，则等待
  80   2              if (free_space > 1) {
  81   3                  ES1 = 0; // 不使能UART1中断
  82   3      
  83   3                  // 先偏移指针，再存放数据
  84   3                  uart1_drv_tx_info.head++;
  85   3                  uart1_drv_tx_info.head %= UART1_TX_BUF_SIZE;
  86   3                  uart1_drv_tx_info.buff[uart1_drv_tx_info.head] = byte;
  87   3      
  88   3                  if (!uart1_tx_busy_flag) {
  89   4                      // 如果上一次发送已经完成，则立即发送
  90   4                      ES1 = 1;
  91   4                      uart1_drv_tx_info.tail++;
  92   4                      uart1_drv_tx_info.tail %= UART1_TX_BUF_SIZE;
  93   4                      S1BUF = uart1_drv_tx_info.buff[uart1_drv_tx_info.tail];
  94   4                      uart1_tx_busy_flag = 1;
  95   4                  } else {
  96   4                      ES1 = 1;
  97   4                  }
  98   3      
  99   3                  break;
 100   3              }
 101   2          }
 102   1      }
 103          
 104          u8 uart1_rxbuffer_get_count(void)
 105          {
 106   1          return uart1_rx_buffer.count;
 107   1      }
 108          
 109          /**
 110           * @brief 从接收缓冲区中取出一个字节数据
 111           *     
 112           * @note 使用该函数前，需要先判断接收缓冲区中是否有数据
 113           * 
 114           */
 115          u8 uart1_rxbuffer_get_byte(void)
C51 COMPILER V9.60.7.0   UART                                                              08/20/2026 18:20:02 PAGE 3   

 116          {
 117   1          u8 rxbyte;
 118   1      
 119   1          if (0 == uart1_rx_buffer.count) {
 120   2              // 缓冲区空
 121   2              return 0;
 122   2          }
 123   1      
 124   1          // 先偏移索引，再取出数据
 125   1          uart1_rx_buffer.tail = (uart1_rx_buffer.tail + 1) % UART1_RX_BUF_SIZE;
 126   1          rxbyte = uart1_rx_buffer.buffer[uart1_rx_buffer.tail];
 127   1      
 128   1          uart1_rx_buffer.count--;
 129   1      
 130   1          return rxbyte;
 131   1      }
 132          
 133          void uart1_rxbuffer_put(u8 byte)
 134          {
 135   1          // 目前的逻辑：缓冲区满，覆盖旧的数据
 136   1      
 137   1          // 先偏移索引，再存放数据
 138   1          uart1_rx_buffer.head = (uart1_rx_buffer.head + 1) % UART1_RX_BUF_SIZE;
 139   1          uart1_rx_buffer.buffer[uart1_rx_buffer.head] = byte;
 140   1      
 141   1          uart1_rx_buffer.count++;
 142   1      
 143   1          if (uart1_rx_buffer.count > UART1_RX_BUF_SIZE) {
 144   2              uart1_rx_buffer.count = UART1_RX_BUF_SIZE;
 145   2          }
 146   1      }
 147          
 148          void UART1_ISR(void) interrupt 6
 149          {
 150   1          if (S1CON & BIT0) {
 151   2              // 接收中断
 152   2              // S1CON = (S1CON & 0xFC) | 0x01; // REVIEW 官方的示例
 153   2              S1CON |= 0x01; // 写1清空接收中断标志
 154   2              uart1_rxbuffer_put(S1BUF);
 155   2          }
 156   1      
 157   1          if (S1CON & BIT1) {
 158   2              S1CON = (S1CON & ~(BIT0 | BIT1)) | BIT1;
 159   2              if (uart1_drv_tx_info.head != uart1_drv_tx_info.tail) {
 160   3                  uart1_drv_tx_info.tail++;
 161   3                  uart1_drv_tx_info.tail %= UART1_TX_BUF_SIZE;
 162   3                  S1BUF = uart1_drv_tx_info.buff[uart1_drv_tx_info.tail];
 163   3              } else {
 164   3                  uart1_tx_busy_flag = 0;
 165   3              }
 166   2          }
 167   1      }


MODULE INFORMATION:   STATIC OVERLAYABLE
   CODE SIZE        =    342    ----
   CONSTANT SIZE    =   ----    ----
   XDATA SIZE       =    125       1
   PDATA SIZE       =   ----    ----
   DATA SIZE        =   ----    ----
   IDATA SIZE       =   ----    ----
   BIT SIZE         =      1    ----
C51 COMPILER V9.60.7.0   UART                                                              08/20/2026 18:20:02 PAGE 4   

   EDATA SIZE       =   ----    ----
   HDATA SIZE       =   ----    ----
   XDATA CONST SIZE =   ----    ----
   FAR CONST SIZE   =   ----    ----
END OF MODULE INFORMATION.


C51 COMPILATION COMPLETE.  0 WARNING(S),  0 ERROR(S)
