C51 COMPILER V9.60.7.0   UI                                                                08/29/2026 16:30:42 PAGE 1   


C51 COMPILER V9.60.7.0, COMPILATION OF MODULE UI
OBJECT MODULE PLACED IN .\hex\ui.obj
COMPILER INVOKED BY: C:\Keil_v5\C51\BIN\C51.EXE user_code\ui.c LARGE OMF2 OPTIMIZE(9,SIZE) BROWSE INCDIR(.\user_aip3368h
                    -;.\user_code;.\driver_on_chip\uart;..\project-2026-08-19-CA51F353P6-SSOP28;.\driver_on_chip\timer0;.\includes;.\driver\a
                    -ip3368;.\driver\key;.\driver_on_chip\timer1;.\Library\Includes) DEBUG PRINT(.\lst\ui.lst) OBJECT(.\hex\ui.obj)

line level    source

   1          #include "ui.h"
   2          
   3          #include "user_config.h"
   4          #include "aip3368.h"
   5          #include "aip3368h_display.h"
   6          #include "instrument.h"
   7          #include "ui_speed_process.h"
   8          #include "uart_transmitter.h"
   9          #include "engine_speed_process.h"
  10          #include "ui_instruct_light.h"
  11          #include "ui_fuel_process.h"
  12          
  13          volatile ui_manager_t ui_manager = {0};
  14          
  15          void ui_manager_init(void)
  16          {
  17   1          ui_manager.state = UI_STATE_NORMAL;
  18   1      }
  19          
  20          /**
  21           * @brief ui定时器处理
  22           *
  23           * @attention 在定时器调用，负责所有ui相关的计数器处理
  24           *
  25           */
  26          void ui_timer_handle_isr(void)
  27          {
  28   1          aip3368h_refresh_time_add(); // 控制将显存数据刷新到屏幕驱动ic的周期
  29   1      
  30   1          // 递增 AIP3368H 显示 速度 刷新时间计数
  31   1          aip3368h_display_speed_refresh_time_add();
  32   1          // 递增 AIP3368H 显示 发动机转速 刷新时间计数
  33   1          aip3368h_display_engine_speed_refresh_time_add();
  34   1          ui_fuel_process_cnt_add();
  35   1      
  36   1          if (ui_manager.err_blink_time_cnt < ((u16)-1)) {
  37   2              ui_manager.err_blink_time_cnt++;
  38   2          }
  39   1      
  40   1          // 如果在设置界面
  41   1          if (ui_manager.state == UI_STATE_SETTING_DISTANCE_UNIT_TYPE ||
  42   1              ui_manager.state == UI_STATE_SETTING_TIME_MINUTE ||
  43   1              ui_manager.state == UI_STATE_SETTING_TIME_HOUR) {
  44   2              if (ui_manager.blink_timer_cnt < ((u16)-1)) {
  45   3                  ui_manager.blink_timer_cnt++;
  46   3              }
  47   2      
  48   2              if (ui_manager.auto_exit_setting_time_cnt < ((u16)-1)) {
  49   3                  ui_manager.auto_exit_setting_time_cnt++;
  50   3              }
  51   2          } else {
  52   2              ui_manager.blink_timer_cnt = 0;
  53   2              ui_manager.auto_exit_setting_time_cnt = 0;
C51 COMPILER V9.60.7.0   UI                                                                08/29/2026 16:30:42 PAGE 2   

  54   2          }
  55   1      }
  56          
  57          // 设置ui状态（切换ui）
  58          void ui_set_state(ui_state_t state)
  59          {
  60   1          ui_manager.state = state;
  61   1          ui_manager.blink_dir = 0; // 初始化闪烁方向
  62   1      }
  63          
  64          /**
  65           * @brief 显示错误提示，由 ui_display_handle() 调用
  66           *
  67           */
  68          void ui_display_err_handle(void)
  69          {
  70   1          static volatile u8 display_err_dir = 0;
  71   1      
  72   1          if (ui_manager.err_blink_time_cnt < 475) {
  73   2              return;
  74   2          } else {
  75   2              ui_manager.err_blink_time_cnt = 0;
  76   2          }
  77   1      
  78   1          // 低油量 提示
  79   1          if (instrument.flag_is_in_warning_of_low_fuel) {
  80   2              // 直接操作显存，判断指示灯是否点亮，进而让它闪烁
  81   2              // 让第 0 格油量的指示灯和油量图标指示灯一起闪烁
  82   2      
  83   2              if (0 == display_err_dir) {
  84   3                  // 油量 图标
  85   3                  aip3368h_display_fuel_icon_light(0);
  86   3                  // 油量 第 0 格 指示灯
  87   3                  __aip3368h_display_fuel_lev__(0, 0);
  88   3              } else {
  89   3                  // 油量 图标
  90   3                  aip3368h_display_fuel_icon_light(1);
  91   3                  // 油量 第 0 格 指示灯
  92   3                  __aip3368h_display_fuel_lev__(0, 1);
  93   3              }
  94   2          } else {
  95   2              // 油量 图标
  96   2              aip3368h_display_fuel_icon_light(1);
  97   2          }
  98   1      
  99   1          // 低电量提示
 100   1          if (instrument.flag_is_in_warning_of_low_battery) {
 101   2              // 直接操作显存，判断指示灯是否点亮，进而让它闪烁
 102   2              // 让第 0 格电量的指示灯、电池8字样、电池图标指示灯一起闪烁
 103   2      
 104   2              // 判断电池电量第 0 格指示灯有没有点亮
 105   2              if (0 == display_err_dir) {
 106   3                  __aip3368h_display_bat_lev_light__(0, 0);
 107   3                  aip3368h_display_battery_icon_light(0);
 108   3              } else {
 109   3                  __aip3368h_display_bat_lev_light__(0, 1);
 110   3                  aip3368h_display_battery_icon_light(1);
 111   3              }
 112   2          } else {
 113   2              aip3368h_display_battery_icon_light(1);
 114   2          }
 115   1      
C51 COMPILER V9.60.7.0   UI                                                                08/29/2026 16:30:42 PAGE 3   

 116   1          // 时间冒号闪烁（样机的时间分隔符与错误提示共用一个时基）
 117   1          if (0 == display_err_dir) {
 118   2              aip3368h_display_time_colon_light(0);
 119   2          } else {
 120   2              aip3368h_display_time_colon_light(1);
 121   2          }
 122   1      
 123   1          display_err_dir = !display_err_dir;
 124   1      }
 125          
 126          // 显示处理
 127          void ui_display_handle(void)
 128          {
 129   1          switch (ui_manager.state) {
 130   2          case UI_STATE_NORMAL:
 131   2              // 正常显示时
 132   2      
 133   2              aip3368h_display_time(instrument.time_hour, instrument.time_minute);
 134   2      
 135   2              break;
 136   2      
 137   2          case UI_STATE_SETTING_DISTANCE_UNIT_TYPE:
 138   2              // 设置 要显示的单位类型 km/h 或 mph
 139   2      
 140   2              if (ui_manager.blink_timer_cnt < UI_SETTING_BLINK_PERIOD) {
 141   3                  break;
 142   3              }
 143   2      
 144   2              ui_manager.blink_timer_cnt = 0;
 145   2      
 146   2              if (DISTANCE_UNIT_TYPE_METRIC == instrument.distance_unit_type) {
 147   3                  // 如果当前 设置的项目 是公制单位
 148   3                  if (0 == ui_manager.blink_dir) {
 149   4                      aip3368h_display_km_light(0);
 150   4                      aip3368h_display_kmh_light(0);
 151   4                  } else {
 152   4                      aip3368h_display_km_light(1);
 153   4                      aip3368h_display_kmh_light(1);
 154   4                  }
 155   3              } else if (DISTANCE_UNIT_TYPE_IMPERIAL ==
 156   2                         instrument.distance_unit_type) {
 157   3                  if (0 == ui_manager.blink_dir) {
 158   4                      // 如果是点亮的，改为熄灭
 159   4                      aip3368h_display_miles_light(0);
 160   4                      aip3368h_display_mph_light(0);
 161   4                  } else {
 162   4                      // 如果当前是熄灭的，点亮它
 163   4                      aip3368h_display_miles_light(1);
 164   4                      aip3368h_display_mph_light(1);
 165   4                  }
 166   3              }
 167   2      
 168   2              ui_manager.blink_dir = !ui_manager.blink_dir;
 169   2      
 170   2              break;
 171   2      
 172   2          case UI_STATE_SETTING_TIME_MINUTE:
 173   2              // 设置 时间 分钟
 174   2      
 175   2              if (ui_manager.blink_timer_cnt < UI_SETTING_BLINK_PERIOD) {
 176   3                  break;
 177   3              }
C51 COMPILER V9.60.7.0   UI                                                                08/29/2026 16:30:42 PAGE 4   

 178   2      
 179   2              ui_manager.blink_timer_cnt = 0;
 180   2      
 181   2              if (0 == ui_manager.blink_dir) {
 182   3                  aip3368h_display_time_digits_when_setting(1, instrument.time_minute,
 183   3                                                            1);
 184   3              } else {
 185   3                  aip3368h_display_time_digits_when_setting(0, instrument.time_minute,
 186   3                                                            1);
 187   3              }
 188   2      
 189   2              ui_manager.blink_dir = !ui_manager.blink_dir;
 190   2      
 191   2              break;
 192   2      
 193   2          case UI_STATE_SETTING_TIME_HOUR:
 194   2      
 195   2              if (ui_manager.blink_timer_cnt < UI_SETTING_BLINK_PERIOD) {
 196   3                  break;
 197   3              }
 198   2      
 199   2              ui_manager.blink_timer_cnt = 0;
 200   2              if (0 == ui_manager.blink_dir) {
 201   3                  aip3368h_display_time_digits_when_setting(1, instrument.time_hour,
 202   3                                                            0);
 203   3              } else {
 204   3                  aip3368h_display_time_digits_when_setting(0, instrument.time_hour,
 205   3                                                            0);
 206   3              }
 207   2      
 208   2              ui_manager.blink_dir = !ui_manager.blink_dir;
 209   2              break;
 210   2          }
 211   1      
 212   1          // 设置超时
 213   1          if (ui_manager.auto_exit_setting_time_cnt >= UI_SETTING_TIME_OUT_CNT) {
 214   2              ui_manager.auto_exit_setting_time_cnt = 0;
 215   2      
 216   2              if (UI_STATE_SETTING_TIME_MINUTE == ui_manager.state ||
 217   2                  UI_STATE_SETTING_TIME_HOUR == ui_manager.state) {
 218   3                  // 如果是设置时间，超时后，将时间写回
 219   3                  uart_transmitter_send_instruct(UART_INSTRUCT_TIME);
 220   3              }
 221   2      
 222   2              ui_set_state(UI_STATE_NORMAL);
 223   2              ui_display_refresh();
 224   2      
 225   2              // 自动退出设置界面后，保存相关数据
 226   2              instrument_info_save_enable();
 227   2          }
 228   1      
 229   1          ui_instruct_light_process();
 230   1          ui_speed_process();                     // 显示时速
 231   1          aip3368h_display_engine_speed_handle(); // 显示发动机转速
 232   1          ui_display_err_handle();                // 显示错误提示（例如低油量提示）
 233   1          aip3368h_display_mileage_refresh();
 234   1          ui_fuel_process();
 235   1      
 236   1          aip3368h_module_display();
 237   1      }
 238          
 239          /**
C51 COMPILER V9.60.7.0   UI                                                                08/29/2026 16:30:42 PAGE 5   

 240           * @brief
 241           *              清空所有计时
 242           *              立即显示内容
 243           *
 244           * @note 只在切换了状态，需要立即刷新显示时使用，不能在每次显示时调用
 245           *
 246           */
 247          void ui_display_refresh(void)
 248          {
 249   1          ui_manager.blink_dir = 0;
 250   1          ui_manager.blink_timer_cnt = 0;
 251   1          ui_manager.auto_exit_setting_time_cnt = 0;
 252   1      
 253   1          switch (ui_manager.state) {
 254   2          case UI_STATE_NORMAL:
 255   2              // 正常显示时
 256   2      
 257   2              // 显示时速
 258   2              aip3368h_display_speed_by_unit_type(instrument.speed_to_display);
 259   2      
 260   2              break;
 261   2          }
 262   1      
 263   1          // 立即显示 时速 单位类型
 264   1          if (DISTANCE_UNIT_TYPE_METRIC == instrument.distance_unit_type) {
 265   2              // 公制单位
 266   2              aip3368h_display_mph_light(0);
 267   2              aip3368h_display_kmh_light(1);
 268   2          } else {
 269   2              // 英制单位
 270   2              aip3368h_display_kmh_light(0);
 271   2              aip3368h_display_mph_light(1);
 272   2          }
 273   1      
 274   1          // 立即更新里程显示：
 275   1          aip3368h_display_mileage_refresh();
 276   1          aip3368h_display_mileage_unit_lights(instrument.distance_unit_type);
 277   1      
 278   1          // 立即更新时间显示：
 279   1          aip3368h_display_time(instrument.time_hour, instrument.time_minute);
 280   1      }


MODULE INFORMATION:   STATIC OVERLAYABLE
   CODE SIZE        =    629    ----
   CONSTANT SIZE    =   ----    ----
   XDATA SIZE       =      9    ----
   PDATA SIZE       =   ----    ----
   DATA SIZE        =   ----    ----
   IDATA SIZE       =   ----    ----
   BIT SIZE         =   ----    ----
   EDATA SIZE       =   ----    ----
   HDATA SIZE       =   ----    ----
   XDATA CONST SIZE =   ----    ----
   FAR CONST SIZE   =   ----    ----
END OF MODULE INFORMATION.


C51 COMPILATION COMPLETE.  0 WARNING(S),  0 ERROR(S)
