C51 COMPILER V9.60.7.0   UI_BAT_PROCESS                                                    08/29/2026 16:30:42 PAGE 1   


C51 COMPILER V9.60.7.0, COMPILATION OF MODULE UI_BAT_PROCESS
OBJECT MODULE PLACED IN .\hex\ui_bat_process.obj
COMPILER INVOKED BY: C:\Keil_v5\C51\BIN\C51.EXE user_code\ui_bat_process.c LARGE OMF2 OPTIMIZE(9,SIZE) BROWSE INCDIR(.\u
                    -ser_aip3368h;.\user_code;.\driver_on_chip\uart;..\project-2026-08-19-CA51F353P6-SSOP28;.\driver_on_chip\timer0;.\include
                    -s;.\driver\aip3368;.\driver\key;.\driver_on_chip\timer1;.\Library\Includes) DEBUG PRINT(.\lst\ui_bat_process.lst) OBJECT
                    -(.\hex\ui_bat_process.obj)

line level    source

   1          #include "ui_bat_process.h"
   2          #include "user_typedef.h"
   3          
   4          volatile u16 ui_bat_process_time = 0;
   5          
   6          /**
   7           * @brief 
   8           * 
   9           * @note 在1ms中断内调用
  10           * 
  11           */
  12          void ui_bat_process_time_add(void)
  13          {
  14   1          if (ui_bat_process_time < ((u16)-1)) {
  15   2              ui_bat_process_time++;
  16   2          }
  17   1      }
  18          
  19          void ui_bat_process(void)
  20          {
  21   1          u16 cur_bat_voltage; // 当前电池电压,单位:mV
  22   1      
  23   1          static u8 is_initialized = 0;              // 是否初始化过
  24   1          static volatile u8 bat_lev_to_display = 0; // 需要延迟显示的电池格子数
  25   1          u8 bat_lev = 0;                            // 电池格子数
  26   1          u8 bat_lev_diff = 0;                       // 电池格子数差值
  27   1      
  28   1          cur_bat_voltage = instrument.bat_voltage;
*** ERROR C200 IN LINE 28 OF user_code\ui_bat_process.c: left side of '.' requires struct/union
  29   1      }

C51 COMPILATION COMPLETE.  0 WARNING(S),  1 ERROR(S)
