C51 COMPILER V9.60.7.0   UI_INSTRUCT_LIGHT                                                 08/29/2026 16:30:42 PAGE 1   


C51 COMPILER V9.60.7.0, COMPILATION OF MODULE UI_INSTRUCT_LIGHT
OBJECT MODULE PLACED IN .\hex\ui_instruct_light.obj
COMPILER INVOKED BY: C:\Keil_v5\C51\BIN\C51.EXE user_code\ui_instruct_light.c LARGE OMF2 OPTIMIZE(9,SIZE) BROWSE INCDIR(
                    -.\user_aip3368h;.\user_code;.\driver_on_chip\uart;..\project-2026-08-19-CA51F353P6-SSOP28;.\driver_on_chip\timer0;.\incl
                    -udes;.\driver\aip3368;.\driver\key;.\driver_on_chip\timer1;.\Library\Includes) DEBUG PRINT(.\lst\ui_instruct_light.lst) 
                    -OBJECT(.\hex\ui_instruct_light.obj)

line level    source

   1          #include "ui_instruct_light.h"
   2          #include "instrument.h"
   3          #include "aip3368h_display.h"
   4          
   5          void ui_instruct_light_process(void)
   6          {
   7   1          aip3368h_display_left_turn_light(instrument.left_turn_valid);
   8   1          aip3368h_display_right_turn_light(instrument.right_turn_valid);
   9   1          aip3368h_display_temp_of_water_err_light(
  10   1              instrument.temp_of_water_err_valid);
  11   1          aip3368h_display_high_beam_light(instrument.high_beam_valid);
  12   1      }


MODULE INFORMATION:   STATIC OVERLAYABLE
   CODE SIZE        =     32    ----
   CONSTANT SIZE    =   ----    ----
   XDATA SIZE       =   ----    ----
   PDATA SIZE       =   ----    ----
   DATA SIZE        =   ----    ----
   IDATA SIZE       =   ----    ----
   BIT SIZE         =   ----    ----
   EDATA SIZE       =   ----    ----
   HDATA SIZE       =   ----    ----
   XDATA CONST SIZE =   ----    ----
   FAR CONST SIZE   =   ----    ----
END OF MODULE INFORMATION.


C51 COMPILATION COMPLETE.  0 WARNING(S),  0 ERROR(S)
