C51 COMPILER V9.60.7.0   USER_DEBUG                                                        08/31/2026 14:48:41 PAGE 1   


C51 COMPILER V9.60.7.0, COMPILATION OF MODULE USER_DEBUG
OBJECT MODULE PLACED IN .\hex\user_debug.obj
COMPILER INVOKED BY: C:\Keil_v5\C51\BIN\C51.EXE user_code\user_debug.c LARGE OMF2 OPTIMIZE(9,SIZE) BROWSE INCDIR(.\user_
                    -aip3368h;.\user_code;.\driver_on_chip\uart;..\project-2026-08-19-CA51F353P6-SSOP28;.\driver_on_chip\timer0;.\includes;.\
                    -driver\aip3368;.\driver\key;.\driver_on_chip\timer1;.\Library\Includes) DEBUG PRINT(.\lst\user_debug.lst) OBJECT(.\hex\u
                    -ser_debug.obj)

line level    source

   1          #include "user_debug.h"
   2          
   3          #include "gpiodef_f3.h" // GPIO_Init()
   4          #include "ca51f3xsfr.h"
   5          #include "ca51f3sfr.h"
   6          
   7          #if USER_DEBUG_ENABLE
   8           
   9          
  10          void user_debug_io_init(void)
  11          {
  12   1          GPIO_Init(P35F, OUTPUT);
  13   1      }
  14          
  15          void user_debug_io_toggle(void)
  16          {
  17   1          // USER_DEBUG_IO ^= 1; // 这种方法更占程序空间
  18   1          USER_DEBUG_IO = !USER_DEBUG_IO;
  19   1      }
  20          
  21          #endif


MODULE INFORMATION:   STATIC OVERLAYABLE
   CODE SIZE        =     10    ----
   CONSTANT SIZE    =   ----    ----
   XDATA SIZE       =   ----    ----
   PDATA SIZE       =   ----    ----
   DATA SIZE        =   ----    ----
   IDATA SIZE       =   ----    ----
   BIT SIZE         =   ----    ----
   EDATA SIZE       =   ----    ----
   HDATA SIZE       =   ----    ----
   XDATA CONST SIZE =   ----    ----
   FAR CONST SIZE   =   ----    ----
END OF MODULE INFORMATION.


C51 COMPILATION COMPLETE.  0 WARNING(S),  0 ERROR(S)
